29305 execve("./fact", ["./fact", "3"], 0x7ffe8a72b870 /* 32 vars */) = 0
29305 brk(NULL)                         = 0x5db6d1ed7000
29305 mmap(NULL, 8192, PROT_READ|PROT_WRITE, MAP_PRIVATE|MAP_ANONYMOUS, -1, 0) = 0x78bac99be000
29305 access("/etc/ld.so.preload", R_OK) = -1 ENOENT (No such file or directory)
29305 openat(AT_FDCWD, "/etc/ld.so.cache", O_RDONLY|O_CLOEXEC) = 3
29305 fstat(3, {st_mode=S_IFREG|0644, st_size=102079, ...}) = 0
29305 mmap(NULL, 102079, PROT_READ, MAP_PRIVATE, 3, 0) = 0x78bac99a5000
29305 close(3)                          = 0
29305 openat(AT_FDCWD, "/lib/x86_64-linux-gnu/libc.so.6", O_RDONLY|O_CLOEXEC) = 3
29305 read(3, "\177ELF\2\1\1\3\0\0\0\0\0\0\0\0\3\0>\0\1\0\0\0\220\243\2\0\0\0\0\0"..., 832) = 832
29305 pread64(3, "\6\0\0\0\4\0\0\0@\0\0\0\0\0\0\0@\0\0\0\0\0\0\0@\0\0\0\0\0\0\0"..., 784, 64) = 784
29305 fstat(3, {st_mode=S_IFREG|0755, st_size=2125328, ...}) = 0
29305 pread64(3, "\6\0\0\0\4\0\0\0@\0\0\0\0\0\0\0@\0\0\0\0\0\0\0@\0\0\0\0\0\0\0"..., 784, 64) = 784
29305 mmap(NULL, 2170256, PROT_READ, MAP_PRIVATE|MAP_DENYWRITE, 3, 0) = 0x78bac9600000
29305 mmap(0x78bac9628000, 1605632, PROT_READ|PROT_EXEC, MAP_PRIVATE|MAP_FIXED|MAP_DENYWRITE, 3, 0x28000) = 0x78bac9628000
29305 mmap(0x78bac97b0000, 323584, PROT_READ, MAP_PRIVATE|MAP_FIXED|MAP_DENYWRITE, 3, 0x1b0000) = 0x78bac97b0000
29305 mmap(0x78bac97ff000, 24576, PROT_READ|PROT_WRITE, MAP_PRIVATE|MAP_FIXED|MAP_DENYWRITE, 3, 0x1fe000) = 0x78bac97ff000
29305 mmap(0x78bac9805000, 52624, PROT_READ|PROT_WRITE, MAP_PRIVATE|MAP_FIXED|MAP_ANONYMOUS, -1, 0) = 0x78bac9805000
29305 close(3)                          = 0
29305 mmap(NULL, 12288, PROT_READ|PROT_WRITE, MAP_PRIVATE|MAP_ANONYMOUS, -1, 0) = 0x78bac99a2000
29305 arch_prctl(ARCH_SET_FS, 0x78bac99a2740) = 0
29305 set_tid_address(0x78bac99a2a10)   = 29305
29305 set_robust_list(0x78bac99a2a20, 24) = 0
29305 rseq(0x78bac99a3060, 0x20, 0, 0x53053053) = 0
29305 mprotect(0x78bac97ff000, 16384, PROT_READ) = 0
29305 mprotect(0x5db69cbd4000, 4096, PROT_READ) = 0
29305 mprotect(0x78bac99f6000, 8192, PROT_READ) = 0
29305 prlimit64(0, RLIMIT_STACK, NULL, {rlim_cur=8192*1024, rlim_max=RLIM64_INFINITY}) = 0
29305 munmap(0x78bac99a5000, 102079)    = 0
29305 execve("./fact", ["./fact", "3", "1", "1"], 0x7ffcf58b2730 /* 32 vars */) = 0
29305 brk(NULL)                         = 0x5a17174c9000
29305 mmap(NULL, 8192, PROT_READ|PROT_WRITE, MAP_PRIVATE|MAP_ANONYMOUS, -1, 0) = 0x7f7746710000
29305 access("/etc/ld.so.preload", R_OK) = -1 ENOENT (No such file or directory)
29305 openat(AT_FDCWD, "/etc/ld.so.cache", O_RDONLY|O_CLOEXEC) = 3
29305 fstat(3, {st_mode=S_IFREG|0644, st_size=102079, ...}) = 0
29305 mmap(NULL, 102079, PROT_READ, MAP_PRIVATE, 3, 0) = 0x7f77466f7000
29305 close(3)                          = 0
29305 openat(AT_FDCWD, "/lib/x86_64-linux-gnu/libc.so.6", O_RDONLY|O_CLOEXEC) = 3
29305 read(3, "\177ELF\2\1\1\3\0\0\0\0\0\0\0\0\3\0>\0\1\0\0\0\220\243\2\0\0\0\0\0"..., 832) = 832
29305 pread64(3, "\6\0\0\0\4\0\0\0@\0\0\0\0\0\0\0@\0\0\0\0\0\0\0@\0\0\0\0\0\0\0"..., 784, 64) = 784
29305 fstat(3, {st_mode=S_IFREG|0755, st_size=2125328, ...}) = 0
29305 pread64(3, "\6\0\0\0\4\0\0\0@\0\0\0\0\0\0\0@\0\0\0\0\0\0\0@\0\0\0\0\0\0\0"..., 784, 64) = 784
29305 mmap(NULL, 2170256, PROT_READ, MAP_PRIVATE|MAP_DENYWRITE, 3, 0) = 0x7f7746400000
29305 mmap(0x7f7746428000, 1605632, PROT_READ|PROT_EXEC, MAP_PRIVATE|MAP_FIXED|MAP_DENYWRITE, 3, 0x28000) = 0x7f7746428000
29305 mmap(0x7f77465b0000, 323584, PROT_READ, MAP_PRIVATE|MAP_FIXED|MAP_DENYWRITE, 3, 0x1b0000) = 0x7f77465b0000
29305 mmap(0x7f77465ff000, 24576, PROT_READ|PROT_WRITE, MAP_PRIVATE|MAP_FIXED|MAP_DENYWRITE, 3, 0x1fe000) = 0x7f77465ff000
29305 mmap(0x7f7746605000, 52624, PROT_READ|PROT_WRITE, MAP_PRIVATE|MAP_FIXED|MAP_ANONYMOUS, -1, 0) = 0x7f7746605000
29305 close(3)                          = 0
29305 mmap(NULL, 12288, PROT_READ|PROT_WRITE, MAP_PRIVATE|MAP_ANONYMOUS, -1, 0) = 0x7f77466f4000
29305 arch_prctl(ARCH_SET_FS, 0x7f77466f4740) = 0
29305 set_tid_address(0x7f77466f4a10)   = 29305
29305 set_robust_list(0x7f77466f4a20, 24) = 0
29305 rseq(0x7f77466f5060, 0x20, 0, 0x53053053) = 0
29305 mprotect(0x7f77465ff000, 16384, PROT_READ) = 0
29305 mprotect(0x5a16d938a000, 4096, PROT_READ) = 0
29305 mprotect(0x7f7746748000, 8192, PROT_READ) = 0
29305 prlimit64(0, RLIMIT_STACK, NULL, {rlim_cur=8192*1024, rlim_max=RLIM64_INFINITY}) = 0
29305 munmap(0x7f77466f7000, 102079)    = 0
29305 execve("./fact", ["./fact", "3", "2", "2"], 0x7ffd610865c0 /* 32 vars */) = 0
29305 brk(NULL)                         = 0x63bb5d7ce000
29305 mmap(NULL, 8192, PROT_READ|PROT_WRITE, MAP_PRIVATE|MAP_ANONYMOUS, -1, 0) = 0x7b1a18416000
29305 access("/etc/ld.so.preload", R_OK) = -1 ENOENT (No such file or directory)
29305 openat(AT_FDCWD, "/etc/ld.so.cache", O_RDONLY|O_CLOEXEC) = 3
29305 fstat(3, {st_mode=S_IFREG|0644, st_size=102079, ...}) = 0
29305 mmap(NULL, 102079, PROT_READ, MAP_PRIVATE, 3, 0) = 0x7b1a183fd000
29305 close(3)                          = 0
29305 openat(AT_FDCWD, "/lib/x86_64-linux-gnu/libc.so.6", O_RDONLY|O_CLOEXEC) = 3
29305 read(3, "\177ELF\2\1\1\3\0\0\0\0\0\0\0\0\3\0>\0\1\0\0\0\220\243\2\0\0\0\0\0"..., 832) = 832
29305 pread64(3, "\6\0\0\0\4\0\0\0@\0\0\0\0\0\0\0@\0\0\0\0\0\0\0@\0\0\0\0\0\0\0"..., 784, 64) = 784
29305 fstat(3, {st_mode=S_IFREG|0755, st_size=2125328, ...}) = 0
29305 pread64(3, "\6\0\0\0\4\0\0\0@\0\0\0\0\0\0\0@\0\0\0\0\0\0\0@\0\0\0\0\0\0\0"..., 784, 64) = 784
29305 mmap(NULL, 2170256, PROT_READ, MAP_PRIVATE|MAP_DENYWRITE, 3, 0) = 0x7b1a18000000
29305 mmap(0x7b1a18028000, 1605632, PROT_READ|PROT_EXEC, MAP_PRIVATE|MAP_FIXED|MAP_DENYWRITE, 3, 0x28000) = 0x7b1a18028000
29305 mmap(0x7b1a181b0000, 323584, PROT_READ, MAP_PRIVATE|MAP_FIXED|MAP_DENYWRITE, 3, 0x1b0000) = 0x7b1a181b0000
29305 mmap(0x7b1a181ff000, 24576, PROT_READ|PROT_WRITE, MAP_PRIVATE|MAP_FIXED|MAP_DENYWRITE, 3, 0x1fe000) = 0x7b1a181ff000
29305 mmap(0x7b1a18205000, 52624, PROT_READ|PROT_WRITE, MAP_PRIVATE|MAP_FIXED|MAP_ANONYMOUS, -1, 0) = 0x7b1a18205000
29305 close(3)                          = 0
29305 mmap(NULL, 12288, PROT_READ|PROT_WRITE, MAP_PRIVATE|MAP_ANONYMOUS, -1, 0) = 0x7b1a183fa000
29305 arch_prctl(ARCH_SET_FS, 0x7b1a183fa740) = 0
29305 set_tid_address(0x7b1a183faa10)   = 29305
29305 set_robust_list(0x7b1a183faa20, 24) = 0
29305 rseq(0x7b1a183fb060, 0x20, 0, 0x53053053) = 0
29305 mprotect(0x7b1a181ff000, 16384, PROT_READ) = 0
29305 mprotect(0x63bb419f6000, 4096, PROT_READ) = 0
29305 mprotect(0x7b1a1844e000, 8192, PROT_READ) = 0
29305 prlimit64(0, RLIMIT_STACK, NULL, {rlim_cur=8192*1024, rlim_max=RLIM64_INFINITY}) = 0
29305 munmap(0x7b1a183fd000, 102079)    = 0
29305 execve("./fact", ["./fact", "3", "3", "6"], 0x7ffd4c951950 /* 32 vars */) = 0
29305 brk(NULL)                         = 0x5e627f7f8000
29305 mmap(NULL, 8192, PROT_READ|PROT_WRITE, MAP_PRIVATE|MAP_ANONYMOUS, -1, 0) = 0x787f5d788000
29305 access("/etc/ld.so.preload", R_OK) = -1 ENOENT (No such file or directory)
29305 openat(AT_FDCWD, "/etc/ld.so.cache", O_RDONLY|O_CLOEXEC) = 3
29305 fstat(3, {st_mode=S_IFREG|0644, st_size=102079, ...}) = 0
29305 mmap(NULL, 102079, PROT_READ, MAP_PRIVATE, 3, 0) = 0x787f5d76f000
29305 close(3)                          = 0
29305 openat(AT_FDCWD, "/lib/x86_64-linux-gnu/libc.so.6", O_RDONLY|O_CLOEXEC) = 3
29305 read(3, "\177ELF\2\1\1\3\0\0\0\0\0\0\0\0\3\0>\0\1\0\0\0\220\243\2\0\0\0\0\0"..., 832) = 832
29305 pread64(3, "\6\0\0\0\4\0\0\0@\0\0\0\0\0\0\0@\0\0\0\0\0\0\0@\0\0\0\0\0\0\0"..., 784, 64) = 784
29305 fstat(3, {st_mode=S_IFREG|0755, st_size=2125328, ...}) = 0
29305 pread64(3, "\6\0\0\0\4\0\0\0@\0\0\0\0\0\0\0@\0\0\0\0\0\0\0@\0\0\0\0\0\0\0"..., 784, 64) = 784
29305 mmap(NULL, 2170256, PROT_READ, MAP_PRIVATE|MAP_DENYWRITE, 3, 0) = 0x787f5d400000
29305 mmap(0x787f5d428000, 1605632, PROT_READ|PROT_EXEC, MAP_PRIVATE|MAP_FIXED|MAP_DENYWRITE, 3, 0x28000) = 0x787f5d428000
29305 mmap(0x787f5d5b0000, 323584, PROT_READ, MAP_PRIVATE|MAP_FIXED|MAP_DENYWRITE, 3, 0x1b0000) = 0x787f5d5b0000
29305 mmap(0x787f5d5ff000, 24576, PROT_READ|PROT_WRITE, MAP_PRIVATE|MAP_FIXED|MAP_DENYWRITE, 3, 0x1fe000) = 0x787f5d5ff000
29305 mmap(0x787f5d605000, 52624, PROT_READ|PROT_WRITE, MAP_PRIVATE|MAP_FIXED|MAP_ANONYMOUS, -1, 0) = 0x787f5d605000
29305 close(3)                          = 0
29305 mmap(NULL, 12288, PROT_READ|PROT_WRITE, MAP_PRIVATE|MAP_ANONYMOUS, -1, 0) = 0x787f5d76c000
29305 arch_prctl(ARCH_SET_FS, 0x787f5d76c740) = 0
29305 set_tid_address(0x787f5d76ca10)   = 29305
29305 set_robust_list(0x787f5d76ca20, 24) = 0
29305 rseq(0x787f5d76d060, 0x20, 0, 0x53053053) = 0
29305 mprotect(0x787f5d5ff000, 16384, PROT_READ) = 0
29305 mprotect(0x5e6259229000, 4096, PROT_READ) = 0
29305 mprotect(0x787f5d7c0000, 8192, PROT_READ) = 0
29305 prlimit64(0, RLIMIT_STACK, NULL, {rlim_cur=8192*1024, rlim_max=RLIM64_INFINITY}) = 0
29305 munmap(0x787f5d76f000, 102079)    = 0
29305 fstat(1, {st_mode=S_IFIFO|0600, st_size=0, ...}) = 0
29305 getrandom("\xdf\x68\x10\x9d\x7a\x13\xa5\x62", 8, GRND_NONBLOCK) = 8
29305 brk(NULL)                         = 0x5e627f7f8000
29305 brk(0x5e627f819000)               = 0x5e627f819000
29305 write(1, "6\n", 2)                = 2
29305 exit_group(6)                     = ?
29305 +++ exited with 6 +++
