29312 execve("./fact", ["./fact", "4"], 0x7ffe3a7b6b60 /* 32 vars */) = 0
29312 brk(NULL)                         = 0x5c5417d56000
29312 mmap(NULL, 8192, PROT_READ|PROT_WRITE, MAP_PRIVATE|MAP_ANONYMOUS, -1, 0) = 0x7c7b7dd1c000
29312 access("/etc/ld.so.preload", R_OK) = -1 ENOENT (No such file or directory)
29312 openat(AT_FDCWD, "/etc/ld.so.cache", O_RDONLY|O_CLOEXEC) = 3
29312 fstat(3, {st_mode=S_IFREG|0644, st_size=102079, ...}) = 0
29312 mmap(NULL, 102079, PROT_READ, MAP_PRIVATE, 3, 0) = 0x7c7b7dd03000
29312 close(3)                          = 0
29312 openat(AT_FDCWD, "/lib/x86_64-linux-gnu/libc.so.6", O_RDONLY|O_CLOEXEC) = 3
29312 read(3, "\177ELF\2\1\1\3\0\0\0\0\0\0\0\0\3\0>\0\1\0\0\0\220\243\2\0\0\0\0\0"..., 832) = 832
29312 pread64(3, "\6\0\0\0\4\0\0\0@\0\0\0\0\0\0\0@\0\0\0\0\0\0\0@\0\0\0\0\0\0\0"..., 784, 64) = 784
29312 fstat(3, {st_mode=S_IFREG|0755, st_size=2125328, ...}) = 0
29312 pread64(3, "\6\0\0\0\4\0\0\0@\0\0\0\0\0\0\0@\0\0\0\0\0\0\0@\0\0\0\0\0\0\0"..., 784, 64) = 784
29312 mmap(NULL, 2170256, PROT_READ, MAP_PRIVATE|MAP_DENYWRITE, 3, 0) = 0x7c7b7da00000
29312 mmap(0x7c7b7da28000, 1605632, PROT_READ|PROT_EXEC, MAP_PRIVATE|MAP_FIXED|MAP_DENYWRITE, 3, 0x28000) = 0x7c7b7da28000
29312 mmap(0x7c7b7dbb0000, 323584, PROT_READ, MAP_PRIVATE|MAP_FIXED|MAP_DENYWRITE, 3, 0x1b0000) = 0x7c7b7dbb0000
29312 mmap(0x7c7b7dbff000, 24576, PROT_READ|PROT_WRITE, MAP_PRIVATE|MAP_FIXED|MAP_DENYWRITE, 3, 0x1fe000) = 0x7c7b7dbff000
29312 mmap(0x7c7b7dc05000, 52624, PROT_READ|PROT_WRITE, MAP_PRIVATE|MAP_FIXED|MAP_ANONYMOUS, -1, 0) = 0x7c7b7dc05000
29312 close(3)                          = 0
29312 mmap(NULL, 12288, PROT_READ|PROT_WRITE, MAP_PRIVATE|MAP_ANONYMOUS, -1, 0) = 0x7c7b7dd00000
29312 arch_prctl(ARCH_SET_FS, 0x7c7b7dd00740) = 0
29312 set_tid_address(0x7c7b7dd00a10)   = 29312
29312 set_robust_list(0x7c7b7dd00a20, 24) = 0
29312 rseq(0x7c7b7dd01060, 0x20, 0, 0x53053053) = 0
29312 mprotect(0x7c7b7dbff000, 16384, PROT_READ) = 0
29312 mprotect(0x5c53eb643000, 4096, PROT_READ) = 0
29312 mprotect(0x7c7b7dd54000, 8192, PROT_READ) = 0
29312 prlimit64(0, RLIMIT_STACK, NULL, {rlim_cur=8192*1024, rlim_max=RLIM64_INFINITY}) = 0
29312 munmap(0x7c7b7dd03000, 102079)    = 0
29312 execve("./fact", ["./fact", "4", "1", "1"], 0x7ffc24117d30 /* 32 vars */) = 0
29312 brk(NULL)                         = 0x5b13f2a83000
29312 mmap(NULL, 8192, PROT_READ|PROT_WRITE, MAP_PRIVATE|MAP_ANONYMOUS, -1, 0) = 0x7a03c6036000
29312 access("/etc/ld.so.preload", R_OK) = -1 ENOENT (No such file or directory)
29312 openat(AT_FDCWD, "/etc/ld.so.cache", O_RDONLY|O_CLOEXEC) = 3
29312 fstat(3, {st_mode=S_IFREG|0644, st_size=102079, ...}) = 0
29312 mmap(NULL, 102079, PROT_READ, MAP_PRIVATE, 3, 0) = 0x7a03c601d000
29312 close(3)                          = 0
29312 openat(AT_FDCWD, "/lib/x86_64-linux-gnu/libc.so.6", O_RDONLY|O_CLOEXEC) = 3
29312 read(3, "\177ELF\2\1\1\3\0\0\0\0\0\0\0\0\3\0>\0\1\0\0\0\220\243\2\0\0\0\0\0"..., 832) = 832
29312 pread64(3, "\6\0\0\0\4\0\0\0@\0\0\0\0\0\0\0@\0\0\0\0\0\0\0@\0\0\0\0\0\0\0"..., 784, 64) = 784
29312 fstat(3, {st_mode=S_IFREG|0755, st_size=2125328, ...}) = 0
29312 pread64(3, "\6\0\0\0\4\0\0\0@\0\0\0\0\0\0\0@\0\0\0\0\0\0\0@\0\0\0\0\0\0\0"..., 784, 64) = 784
29312 mmap(NULL, 2170256, PROT_READ, MAP_PRIVATE|MAP_DENYWRITE, 3, 0) = 0x7a03c5e00000
29312 mmap(0x7a03c5e28000, 1605632, PROT_READ|PROT_EXEC, MAP_PRIVATE|MAP_FIXED|MAP_DENYWRITE, 3, 0x28000) = 0x7a03c5e28000
29312 mmap(0x7a03c5fb0000, 323584, PROT_READ, MAP_PRIVATE|MAP_FIXED|MAP_DENYWRITE, 3, 0x1b0000) = 0x7a03c5fb0000
29312 mmap(0x7a03c5fff000, 24576, PROT_READ|PROT_WRITE, MAP_PRIVATE|MAP_FIXED|MAP_DENYWRITE, 3, 0x1fe000) = 0x7a03c5fff000
29312 mmap(0x7a03c6005000, 52624, PROT_READ|PROT_WRITE, MAP_PRIVATE|MAP_FIXED|MAP_ANONYMOUS, -1, 0) = 0x7a03c6005000
29312 close(3)                          = 0
29312 mmap(NULL, 12288, PROT_READ|PROT_WRITE, MAP_PRIVATE|MAP_ANONYMOUS, -1, 0) = 0x7a03c601a000
29312 arch_prctl(ARCH_SET_FS, 0x7a03c601a740) = 0
29312 set_tid_address(0x7a03c601aa10)   = 29312
29312 set_robust_list(0x7a03c601aa20, 24) = 0
29312 rseq(0x7a03c601b060, 0x20, 0, 0x53053053) = 0
29312 mprotect(0x7a03c5fff000, 16384, PROT_READ) = 0
29312 mprotect(0x5b13d9670000, 4096, PROT_READ) = 0
29312 mprotect(0x7a03c606e000, 8192, PROT_READ) = 0
29312 prlimit64(0, RLIMIT_STACK, NULL, {rlim_cur=8192*1024, rlim_max=RLIM64_INFINITY}) = 0
29312 munmap(0x7a03c601d000, 102079)    = 0
29312 execve("./fact", ["./fact", "4", "2", "2"], 0x7fff647a0d00 /* 32 vars */) = 0
29312 brk(NULL)                         = 0x55b70dd62000
29312 mmap(NULL, 8192, PROT_READ|PROT_WRITE, MAP_PRIVATE|MAP_ANONYMOUS, -1, 0) = 0x705c7dd98000
29312 access("/etc/ld.so.preload", R_OK) = -1 ENOENT (No such file or directory)
29312 openat(AT_FDCWD, "/etc/ld.so.cache", O_RDONLY|O_CLOEXEC) = 3
29312 fstat(3, {st_mode=S_IFREG|0644, st_size=102079, ...}) = 0
29312 mmap(NULL, 102079, PROT_READ, MAP_PRIVATE, 3, 0) = 0x705c7dd7f000
29312 close(3)                          = 0
29312 openat(AT_FDCWD, "/lib/x86_64-linux-gnu/libc.so.6", O_RDONLY|O_CLOEXEC) = 3
29312 read(3, "\177ELF\2\1\1\3\0\0\0\0\0\0\0\0\3\0>\0\1\0\0\0\220\243\2\0\0\0\0\0"..., 832) = 832
29312 pread64(3, "\6\0\0\0\4\0\0\0@\0\0\0\0\0\0\0@\0\0\0\0\0\0\0@\0\0\0\0\0\0\0"..., 784, 64) = 784
29312 fstat(3, {st_mode=S_IFREG|0755, st_size=2125328, ...}) = 0
29312 pread64(3, "\6\0\0\0\4\0\0\0@\0\0\0\0\0\0\0@\0\0\0\0\0\0\0@\0\0\0\0\0\0\0"..., 784, 64) = 784
29312 mmap(NULL, 2170256, PROT_READ, MAP_PRIVATE|MAP_DENYWRITE, 3, 0) = 0x705c7da00000
29312 mmap(0x705c7da28000, 1605632, PROT_READ|PROT_EXEC, MAP_PRIVATE|MAP_FIXED|MAP_DENYWRITE, 3, 0x28000) = 0x705c7da28000
29312 mmap(0x705c7dbb0000, 323584, PROT_READ, MAP_PRIVATE|MAP_FIXED|MAP_DENYWRITE, 3, 0x1b0000) = 0x705c7dbb0000
29312 mmap(0x705c7dbff000, 24576, PROT_READ|PROT_WRITE, MAP_PRIVATE|MAP_FIXED|MAP_DENYWRITE, 3, 0x1fe000) = 0x705c7dbff000
29312 mmap(0x705c7dc05000, 52624, PROT_READ|PROT_WRITE, MAP_PRIVATE|MAP_FIXED|MAP_ANONYMOUS, -1, 0) = 0x705c7dc05000
29312 close(3)                          = 0
29312 mmap(NULL, 12288, PROT_READ|PROT_WRITE, MAP_PRIVATE|MAP_ANONYMOUS, -1, 0) = 0x705c7dd7c000
29312 arch_prctl(ARCH_SET_FS, 0x705c7dd7c740) = 0
29312 set_tid_address(0x705c7dd7ca10)   = 29312
29312 set_robust_list(0x705c7dd7ca20, 24) = 0
29312 rseq(0x705c7dd7d060, 0x20, 0, 0x53053053) = 0
29312 mprotect(0x705c7dbff000, 16384, PROT_READ) = 0
29312 mprotect(0x55b6f137e000, 4096, PROT_READ) = 0
29312 mprotect(0x705c7ddd0000, 8192, PROT_READ) = 0
29312 prlimit64(0, RLIMIT_STACK, NULL, {rlim_cur=8192*1024, rlim_max=RLIM64_INFINITY}) = 0
29312 munmap(0x705c7dd7f000, 102079)    = 0
29312 execve("./fact", ["./fact", "4", "3", "6"], 0x7ffec5f73df0 /* 32 vars */) = 0
29312 brk(NULL)                         = 0x573b589fd000
29312 mmap(NULL, 8192, PROT_READ|PROT_WRITE, MAP_PRIVATE|MAP_ANONYMOUS, -1, 0) = 0x7fe876786000
29312 access("/etc/ld.so.preload", R_OK) = -1 ENOENT (No such file or directory)
29312 openat(AT_FDCWD, "/etc/ld.so.cache", O_RDONLY|O_CLOEXEC) = 3
29312 fstat(3, {st_mode=S_IFREG|0644, st_size=102079, ...}) = 0
29312 mmap(NULL, 102079, PROT_READ, MAP_PRIVATE, 3, 0) = 0x7fe87676d000
29312 close(3)                          = 0
29312 openat(AT_FDCWD, "/lib/x86_64-linux-gnu/libc.so.6", O_RDONLY|O_CLOEXEC) = 3
29312 read(3, "\177ELF\2\1\1\3\0\0\0\0\0\0\0\0\3\0>\0\1\0\0\0\220\243\2\0\0\0\0\0"..., 832) = 832
29312 pread64(3, "\6\0\0\0\4\0\0\0@\0\0\0\0\0\0\0@\0\0\0\0\0\0\0@\0\0\0\0\0\0\0"..., 784, 64) = 784
29312 fstat(3, {st_mode=S_IFREG|0755, st_size=2125328, ...}) = 0
29312 pread64(3, "\6\0\0\0\4\0\0\0@\0\0\0\0\0\0\0@\0\0\0\0\0\0\0@\0\0\0\0\0\0\0"..., 784, 64) = 784
29312 mmap(NULL, 2170256, PROT_READ, MAP_PRIVATE|MAP_DENYWRITE, 3, 0) = 0x7fe876400000
29312 mmap(0x7fe876428000, 1605632, PROT_READ|PROT_EXEC, MAP_PRIVATE|MAP_FIXED|MAP_DENYWRITE, 3, 0x28000) = 0x7fe876428000
29312 mmap(0x7fe8765b0000, 323584, PROT_READ, MAP_PRIVATE|MAP_FIXED|MAP_DENYWRITE, 3, 0x1b0000) = 0x7fe8765b0000
29312 mmap(0x7fe8765ff000, 24576, PROT_READ|PROT_WRITE, MAP_PRIVATE|MAP_FIXED|MAP_DENYWRITE, 3, 0x1fe000) = 0x7fe8765ff000
29312 mmap(0x7fe876605000, 52624, PROT_READ|PROT_WRITE, MAP_PRIVATE|MAP_FIXED|MAP_ANONYMOUS, -1, 0) = 0x7fe876605000
29312 close(3)                          = 0
29312 mmap(NULL, 12288, PROT_READ|PROT_WRITE, MAP_PRIVATE|MAP_ANONYMOUS, -1, 0) = 0x7fe87676a000
29312 arch_prctl(ARCH_SET_FS, 0x7fe87676a740) = 0
29312 set_tid_address(0x7fe87676aa10)   = 29312
29312 set_robust_list(0x7fe87676aa20, 24) = 0
29312 rseq(0x7fe87676b060, 0x20, 0, 0x53053053) = 0
29312 mprotect(0x7fe8765ff000, 16384, PROT_READ) = 0
29312 mprotect(0x573b40af5000, 4096, PROT_READ) = 0
29312 mprotect(0x7fe8767be000, 8192, PROT_READ) = 0
29312 prlimit64(0, RLIMIT_STACK, NULL, {rlim_cur=8192*1024, rlim_max=RLIM64_INFINITY}) = 0
29312 munmap(0x7fe87676d000, 102079)    = 0
29312 execve("./fact", ["./fact", "4", "4", "24"], 0x7ffd1f8a30e0 /* 32 vars */) = 0
29312 brk(NULL)                         = 0x5ee3eb85f000
29312 mmap(NULL, 8192, PROT_READ|PROT_WRITE, MAP_PRIVATE|MAP_ANONYMOUS, -1, 0) = 0x76cd7e454000
29312 access("/etc/ld.so.preload", R_OK) = -1 ENOENT (No such file or directory)
29312 openat(AT_FDCWD, "/etc/ld.so.cache", O_RDONLY|O_CLOEXEC) = 3
29312 fstat(3, {st_mode=S_IFREG|0644, st_size=102079, ...}) = 0
29312 mmap(NULL, 102079, PROT_READ, MAP_PRIVATE, 3, 0) = 0x76cd7e43b000
29312 close(3)                          = 0
29312 openat(AT_FDCWD, "/lib/x86_64-linux-gnu/libc.so.6", O_RDONLY|O_CLOEXEC) = 3
29312 read(3, "\177ELF\2\1\1\3\0\0\0\0\0\0\0\0\3\0>\0\1\0\0\0\220\243\2\0\0\0\0\0"..., 832) = 832
29312 pread64(3, "\6\0\0\0\4\0\0\0@\0\0\0\0\0\0\0@\0\0\0\0\0\0\0@\0\0\0\0\0\0\0"..., 784, 64) = 784
29312 fstat(3, {st_mode=S_IFREG|0755, st_size=2125328, ...}) = 0
29312 pread64(3, "\6\0\0\0\4\0\0\0@\0\0\0\0\0\0\0@\0\0\0\0\0\0\0@\0\0\0\0\0\0\0"..., 784, 64) = 784
29312 mmap(NULL, 2170256, PROT_READ, MAP_PRIVATE|MAP_DENYWRITE, 3, 0) = 0x76cd7e200000
29312 mmap(0x76cd7e228000, 1605632, PROT_READ|PROT_EXEC, MAP_PRIVATE|MAP_FIXED|MAP_DENYWRITE, 3, 0x28000) = 0x76cd7e228000
29312 mmap(0x76cd7e3b0000, 323584, PROT_READ, MAP_PRIVATE|MAP_FIXED|MAP_DENYWRITE, 3, 0x1b0000) = 0x76cd7e3b0000
29312 mmap(0x76cd7e3ff000, 24576, PROT_READ|PROT_WRITE, MAP_PRIVATE|MAP_FIXED|MAP_DENYWRITE, 3, 0x1fe000) = 0x76cd7e3ff000
29312 mmap(0x76cd7e405000, 52624, PROT_READ|PROT_WRITE, MAP_PRIVATE|MAP_FIXED|MAP_ANONYMOUS, -1, 0) = 0x76cd7e405000
29312 close(3)                          = 0
29312 mmap(NULL, 12288, PROT_READ|PROT_WRITE, MAP_PRIVATE|MAP_ANONYMOUS, -1, 0) = 0x76cd7e438000
29312 arch_prctl(ARCH_SET_FS, 0x76cd7e438740) = 0
29312 set_tid_address(0x76cd7e438a10)   = 29312
29312 set_robust_list(0x76cd7e438a20, 24) = 0
29312 rseq(0x76cd7e439060, 0x20, 0, 0x53053053) = 0
29312 mprotect(0x76cd7e3ff000, 16384, PROT_READ) = 0
29312 mprotect(0x5ee3ca59f000, 4096, PROT_READ) = 0
29312 mprotect(0x76cd7e48c000, 8192, PROT_READ) = 0
29312 prlimit64(0, RLIMIT_STACK, NULL, {rlim_cur=8192*1024, rlim_max=RLIM64_INFINITY}) = 0
29312 munmap(0x76cd7e43b000, 102079)    = 0
29312 fstat(1, {st_mode=S_IFIFO|0600, st_size=0, ...}) = 0
29312 getrandom("\xb9\xa5\x68\x7a\x52\xef\x90\x9a", 8, GRND_NONBLOCK) = 8
29312 brk(NULL)                         = 0x5ee3eb85f000
29312 brk(0x5ee3eb880000)               = 0x5ee3eb880000
29312 write(1, "24\n", 3)               = 3
29312 exit_group(24)                    = ?
29312 +++ exited with 24 +++
