29326 execve("./fact", ["./fact", "6"], 0x7fff71c86de0 /* 32 vars */) = 0
29326 brk(NULL)                         = 0x64d46f541000
29326 mmap(NULL, 8192, PROT_READ|PROT_WRITE, MAP_PRIVATE|MAP_ANONYMOUS, -1, 0) = 0x7cecde751000
29326 access("/etc/ld.so.preload", R_OK) = -1 ENOENT (No such file or directory)
29326 openat(AT_FDCWD, "/etc/ld.so.cache", O_RDONLY|O_CLOEXEC) = 3
29326 fstat(3, {st_mode=S_IFREG|0644, st_size=102079, ...}) = 0
29326 mmap(NULL, 102079, PROT_READ, MAP_PRIVATE, 3, 0) = 0x7cecde738000
29326 close(3)                          = 0
29326 openat(AT_FDCWD, "/lib/x86_64-linux-gnu/libc.so.6", O_RDONLY|O_CLOEXEC) = 3
29326 read(3, "\177ELF\2\1\1\3\0\0\0\0\0\0\0\0\3\0>\0\1\0\0\0\220\243\2\0\0\0\0\0"..., 832) = 832
29326 pread64(3, "\6\0\0\0\4\0\0\0@\0\0\0\0\0\0\0@\0\0\0\0\0\0\0@\0\0\0\0\0\0\0"..., 784, 64) = 784
29326 fstat(3, {st_mode=S_IFREG|0755, st_size=2125328, ...}) = 0
29326 pread64(3, "\6\0\0\0\4\0\0\0@\0\0\0\0\0\0\0@\0\0\0\0\0\0\0@\0\0\0\0\0\0\0"..., 784, 64) = 784
29326 mmap(NULL, 2170256, PROT_READ, MAP_PRIVATE|MAP_DENYWRITE, 3, 0) = 0x7cecde400000
29326 mmap(0x7cecde428000, 1605632, PROT_READ|PROT_EXEC, MAP_PRIVATE|MAP_FIXED|MAP_DENYWRITE, 3, 0x28000) = 0x7cecde428000
29326 mmap(0x7cecde5b0000, 323584, PROT_READ, MAP_PRIVATE|MAP_FIXED|MAP_DENYWRITE, 3, 0x1b0000) = 0x7cecde5b0000
29326 mmap(0x7cecde5ff000, 24576, PROT_READ|PROT_WRITE, MAP_PRIVATE|MAP_FIXED|MAP_DENYWRITE, 3, 0x1fe000) = 0x7cecde5ff000
29326 mmap(0x7cecde605000, 52624, PROT_READ|PROT_WRITE, MAP_PRIVATE|MAP_FIXED|MAP_ANONYMOUS, -1, 0) = 0x7cecde605000
29326 close(3)                          = 0
29326 mmap(NULL, 12288, PROT_READ|PROT_WRITE, MAP_PRIVATE|MAP_ANONYMOUS, -1, 0) = 0x7cecde735000
29326 arch_prctl(ARCH_SET_FS, 0x7cecde735740) = 0
29326 set_tid_address(0x7cecde735a10)   = 29326
29326 set_robust_list(0x7cecde735a20, 24) = 0
29326 rseq(0x7cecde736060, 0x20, 0, 0x53053053) = 0
29326 mprotect(0x7cecde5ff000, 16384, PROT_READ) = 0
29326 mprotect(0x64d4631ab000, 4096, PROT_READ) = 0
29326 mprotect(0x7cecde789000, 8192, PROT_READ) = 0
29326 prlimit64(0, RLIMIT_STACK, NULL, {rlim_cur=8192*1024, rlim_max=RLIM64_INFINITY}) = 0
29326 munmap(0x7cecde738000, 102079)    = 0
29326 execve("./fact", ["./fact", "6", "1", "1"], 0x7fff5a510e20 /* 32 vars */) = 0
29326 brk(NULL)                         = 0x58ce0dc84000
29326 mmap(NULL, 8192, PROT_READ|PROT_WRITE, MAP_PRIVATE|MAP_ANONYMOUS, -1, 0) = 0x71c119f61000
29326 access("/etc/ld.so.preload", R_OK) = -1 ENOENT (No such file or directory)
29326 openat(AT_FDCWD, "/etc/ld.so.cache", O_RDONLY|O_CLOEXEC) = 3
29326 fstat(3, {st_mode=S_IFREG|0644, st_size=102079, ...}) = 0
29326 mmap(NULL, 102079, PROT_READ, MAP_PRIVATE, 3, 0) = 0x71c119f48000
29326 close(3)                          = 0
29326 openat(AT_FDCWD, "/lib/x86_64-linux-gnu/libc.so.6", O_RDONLY|O_CLOEXEC) = 3
29326 read(3, "\177ELF\2\1\1\3\0\0\0\0\0\0\0\0\3\0>\0\1\0\0\0\220\243\2\0\0\0\0\0"..., 832) = 832
29326 pread64(3, "\6\0\0\0\4\0\0\0@\0\0\0\0\0\0\0@\0\0\0\0\0\0\0@\0\0\0\0\0\0\0"..., 784, 64) = 784
29326 fstat(3, {st_mode=S_IFREG|0755, st_size=2125328, ...}) = 0
29326 pread64(3, "\6\0\0\0\4\0\0\0@\0\0\0\0\0\0\0@\0\0\0\0\0\0\0@\0\0\0\0\0\0\0"..., 784, 64) = 784
29326 mmap(NULL, 2170256, PROT_READ, MAP_PRIVATE|MAP_DENYWRITE, 3, 0) = 0x71c119c00000
29326 mmap(0x71c119c28000, 1605632, PROT_READ|PROT_EXEC, MAP_PRIVATE|MAP_FIXED|MAP_DENYWRITE, 3, 0x28000) = 0x71c119c28000
29326 mmap(0x71c119db0000, 323584, PROT_READ, MAP_PRIVATE|MAP_FIXED|MAP_DENYWRITE, 3, 0x1b0000) = 0x71c119db0000
29326 mmap(0x71c119dff000, 24576, PROT_READ|PROT_WRITE, MAP_PRIVATE|MAP_FIXED|MAP_DENYWRITE, 3, 0x1fe000) = 0x71c119dff000
29326 mmap(0x71c119e05000, 52624, PROT_READ|PROT_WRITE, MAP_PRIVATE|MAP_FIXED|MAP_ANONYMOUS, -1, 0) = 0x71c119e05000
29326 close(3)                          = 0
29326 mmap(NULL, 12288, PROT_READ|PROT_WRITE, MAP_PRIVATE|MAP_ANONYMOUS, -1, 0) = 0x71c119f45000
29326 arch_prctl(ARCH_SET_FS, 0x71c119f45740) = 0
29326 set_tid_address(0x71c119f45a10)   = 29326
29326 set_robust_list(0x71c119f45a20, 24) = 0
29326 rseq(0x71c119f46060, 0x20, 0, 0x53053053) = 0
29326 mprotect(0x71c119dff000, 16384, PROT_READ) = 0
29326 mprotect(0x58cdd1588000, 4096, PROT_READ) = 0
29326 mprotect(0x71c119f99000, 8192, PROT_READ) = 0
29326 prlimit64(0, RLIMIT_STACK, NULL, {rlim_cur=8192*1024, rlim_max=RLIM64_INFINITY}) = 0
29326 munmap(0x71c119f48000, 102079)    = 0
29326 execve("./fact", ["./fact", "6", "2", "2"], 0x7fff3ed907b0 /* 32 vars */) = 0
29326 brk(NULL)                         = 0x62eebdab5000
29326 mmap(NULL, 8192, PROT_READ|PROT_WRITE, MAP_PRIVATE|MAP_ANONYMOUS, -1, 0) = 0x752684c9a000
29326 access("/etc/ld.so.preload", R_OK) = -1 ENOENT (No such file or directory)
29326 openat(AT_FDCWD, "/etc/ld.so.cache", O_RDONLY|O_CLOEXEC) = 3
29326 fstat(3, {st_mode=S_IFREG|0644, st_size=102079, ...}) = 0
29326 mmap(NULL, 102079, PROT_READ, MAP_PRIVATE, 3, 0) = 0x752684c81000
29326 close(3)                          = 0
29326 openat(AT_FDCWD, "/lib/x86_64-linux-gnu/libc.so.6", O_RDONLY|O_CLOEXEC) = 3
29326 read(3, "\177ELF\2\1\1\3\0\0\0\0\0\0\0\0\3\0>\0\1\0\0\0\220\243\2\0\0\0\0\0"..., 832) = 832
29326 pread64(3, "\6\0\0\0\4\0\0\0@\0\0\0\0\0\0\0@\0\0\0\0\0\0\0@\0\0\0\0\0\0\0"..., 784, 64) = 784
29326 fstat(3, {st_mode=S_IFREG|0755, st_size=2125328, ...}) = 0
29326 pread64(3, "\6\0\0\0\4\0\0\0@\0\0\0\0\0\0\0@\0\0\0\0\0\0\0@\0\0\0\0\0\0\0"..., 784, 64) = 784
29326 mmap(NULL, 2170256, PROT_READ, MAP_PRIVATE|MAP_DENYWRITE, 3, 0) = 0x752684a00000
29326 mmap(0x752684a28000, 1605632, PROT_READ|PROT_EXEC, MAP_PRIVATE|MAP_FIXED|MAP_DENYWRITE, 3, 0x28000) = 0x752684a28000
29326 mmap(0x752684bb0000, 323584, PROT_READ, MAP_PRIVATE|MAP_FIXED|MAP_DENYWRITE, 3, 0x1b0000) = 0x752684bb0000
29326 mmap(0x752684bff000, 24576, PROT_READ|PROT_WRITE, MAP_PRIVATE|MAP_FIXED|MAP_DENYWRITE, 3, 0x1fe000) = 0x752684bff000
29326 mmap(0x752684c05000, 52624, PROT_READ|PROT_WRITE, MAP_PRIVATE|MAP_FIXED|MAP_ANONYMOUS, -1, 0) = 0x752684c05000
29326 close(3)                          = 0
29326 mmap(NULL, 12288, PROT_READ|PROT_WRITE, MAP_PRIVATE|MAP_ANONYMOUS, -1, 0) = 0x752684c7e000
29326 arch_prctl(ARCH_SET_FS, 0x752684c7e740) = 0
29326 set_tid_address(0x752684c7ea10)   = 29326
29326 set_robust_list(0x752684c7ea20, 24) = 0
29326 rseq(0x752684c7f060, 0x20, 0, 0x53053053) = 0
29326 mprotect(0x752684bff000, 16384, PROT_READ) = 0
29326 mprotect(0x62ee869b2000, 4096, PROT_READ) = 0
29326 mprotect(0x752684cd2000, 8192, PROT_READ) = 0
29326 prlimit64(0, RLIMIT_STACK, NULL, {rlim_cur=8192*1024, rlim_max=RLIM64_INFINITY}) = 0
29326 munmap(0x752684c81000, 102079)    = 0
29326 execve("./fact", ["./fact", "6", "3", "6"], 0x7ffdec7a2e20 /* 32 vars */) = 0
29326 brk(NULL)                         = 0x633b1ddea000
29326 mmap(NULL, 8192, PROT_READ|PROT_WRITE, MAP_PRIVATE|MAP_ANONYMOUS, -1, 0) = 0x7e7f6a81b000
29326 access("/etc/ld.so.preload", R_OK) = -1 ENOENT (No such file or directory)
29326 openat(AT_FDCWD, "/etc/ld.so.cache", O_RDONLY|O_CLOEXEC) = 3
29326 fstat(3, {st_mode=S_IFREG|0644, st_size=102079, ...}) = 0
29326 mmap(NULL, 102079, PROT_READ, MAP_PRIVATE, 3, 0) = 0x7e7f6a802000
29326 close(3)                          = 0
29326 openat(AT_FDCWD, "/lib/x86_64-linux-gnu/libc.so.6", O_RDONLY|O_CLOEXEC) = 3
29326 read(3, "\177ELF\2\1\1\3\0\0\0\0\0\0\0\0\3\0>\0\1\0\0\0\220\243\2\0\0\0\0\0"..., 832) = 832
29326 pread64(3, "\6\0\0\0\4\0\0\0@\0\0\0\0\0\0\0@\0\0\0\0\0\0\0@\0\0\0\0\0\0\0"..., 784, 64) = 784
29326 fstat(3, {st_mode=S_IFREG|0755, st_size=2125328, ...}) = 0
29326 pread64(3, "\6\0\0\0\4\0\0\0@\0\0\0\0\0\0\0@\0\0\0\0\0\0\0@\0\0\0\0\0\0\0"..., 784, 64) = 784
29326 mmap(NULL, 2170256, PROT_READ, MAP_PRIVATE|MAP_DENYWRITE, 3, 0) = 0x7e7f6a400000
29326 mmap(0x7e7f6a428000, 1605632, PROT_READ|PROT_EXEC, MAP_PRIVATE|MAP_FIXED|MAP_DENYWRITE, 3, 0x28000) = 0x7e7f6a428000
29326 mmap(0x7e7f6a5b0000, 323584, PROT_READ, MAP_PRIVATE|MAP_FIXED|MAP_DENYWRITE, 3, 0x1b0000) = 0x7e7f6a5b0000
29326 mmap(0x7e7f6a5ff000, 24576, PROT_READ|PROT_WRITE, MAP_PRIVATE|MAP_FIXED|MAP_DENYWRITE, 3, 0x1fe000) = 0x7e7f6a5ff000
29326 mmap(0x7e7f6a605000, 52624, PROT_READ|PROT_WRITE, MAP_PRIVATE|MAP_FIXED|MAP_ANONYMOUS, -1, 0) = 0x7e7f6a605000
29326 close(3)                          = 0
29326 mmap(NULL, 12288, PROT_READ|PROT_WRITE, MAP_PRIVATE|MAP_ANONYMOUS, -1, 0) = 0x7e7f6a7ff000
29326 arch_prctl(ARCH_SET_FS, 0x7e7f6a7ff740) = 0
29326 set_tid_address(0x7e7f6a7ffa10)   = 29326
29326 set_robust_list(0x7e7f6a7ffa20, 24) = 0
29326 rseq(0x7e7f6a800060, 0x20, 0, 0x53053053) = 0
29326 mprotect(0x7e7f6a5ff000, 16384, PROT_READ) = 0
29326 mprotect(0x633aead11000, 4096, PROT_READ) = 0
29326 mprotect(0x7e7f6a853000, 8192, PROT_READ) = 0
29326 prlimit64(0, RLIMIT_STACK, NULL, {rlim_cur=8192*1024, rlim_max=RLIM64_INFINITY}) = 0
29326 munmap(0x7e7f6a802000, 102079)    = 0
29326 execve("./fact", ["./fact", "6", "4", "24"], 0x7ffea079beb0 /* 32 vars */) = 0
29326 brk(NULL)                         = 0x5e7a43eaf000
29326 mmap(NULL, 8192, PROT_READ|PROT_WRITE, MAP_PRIVATE|MAP_ANONYMOUS, -1, 0) = 0x7715c4413000
29326 access("/etc/ld.so.preload", R_OK) = -1 ENOENT (No such file or directory)
29326 openat(AT_FDCWD, "/etc/ld.so.cache", O_RDONLY|O_CLOEXEC) = 3
29326 fstat(3, {st_mode=S_IFREG|0644, st_size=102079, ...}) = 0
29326 mmap(NULL, 102079, PROT_READ, MAP_PRIVATE, 3, 0) = 0x7715c43fa000
29326 close(3)                          = 0
29326 openat(AT_FDCWD, "/lib/x86_64-linux-gnu/libc.so.6", O_RDONLY|O_CLOEXEC) = 3
29326 read(3, "\177ELF\2\1\1\3\0\0\0\0\0\0\0\0\3\0>\0\1\0\0\0\220\243\2\0\0\0\0\0"..., 832) = 832
29326 pread64(3, "\6\0\0\0\4\0\0\0@\0\0\0\0\0\0\0@\0\0\0\0\0\0\0@\0\0\0\0\0\0\0"..., 784, 64) = 784
29326 fstat(3, {st_mode=S_IFREG|0755, st_size=2125328, ...}) = 0
29326 pread64(3, "\6\0\0\0\4\0\0\0@\0\0\0\0\0\0\0@\0\0\0\0\0\0\0@\0\0\0\0\0\0\0"..., 784, 64) = 784
29326 mmap(NULL, 2170256, PROT_READ, MAP_PRIVATE|MAP_DENYWRITE, 3, 0) = 0x7715c4000000
29326 mmap(0x7715c4028000, 1605632, PROT_READ|PROT_EXEC, MAP_PRIVATE|MAP_FIXED|MAP_DENYWRITE, 3, 0x28000) = 0x7715c4028000
29326 mmap(0x7715c41b0000, 323584, PROT_READ, MAP_PRIVATE|MAP_FIXED|MAP_DENYWRITE, 3, 0x1b0000) = 0x7715c41b0000
29326 mmap(0x7715c41ff000, 24576, PROT_READ|PROT_WRITE, MAP_PRIVATE|MAP_FIXED|MAP_DENYWRITE, 3, 0x1fe000) = 0x7715c41ff000
29326 mmap(0x7715c4205000, 52624, PROT_READ|PROT_WRITE, MAP_PRIVATE|MAP_FIXED|MAP_ANONYMOUS, -1, 0) = 0x7715c4205000
29326 close(3)                          = 0
29326 mmap(NULL, 12288, PROT_READ|PROT_WRITE, MAP_PRIVATE|MAP_ANONYMOUS, -1, 0) = 0x7715c43f7000
29326 arch_prctl(ARCH_SET_FS, 0x7715c43f7740) = 0
29326 set_tid_address(0x7715c43f7a10)   = 29326
29326 set_robust_list(0x7715c43f7a20, 24) = 0
29326 rseq(0x7715c43f8060, 0x20, 0, 0x53053053) = 0
29326 mprotect(0x7715c41ff000, 16384, PROT_READ) = 0
29326 mprotect(0x5e7a4214f000, 4096, PROT_READ) = 0
29326 mprotect(0x7715c444b000, 8192, PROT_READ) = 0
29326 prlimit64(0, RLIMIT_STACK, NULL, {rlim_cur=8192*1024, rlim_max=RLIM64_INFINITY}) = 0
29326 munmap(0x7715c43fa000, 102079)    = 0
29326 execve("./fact", ["./fact", "6", "5", "120"], 0x7fff6f394080 /* 32 vars */) = 0
29326 brk(NULL)                         = 0x595f33041000
29326 mmap(NULL, 8192, PROT_READ|PROT_WRITE, MAP_PRIVATE|MAP_ANONYMOUS, -1, 0) = 0x7a5c8be7c000
29326 access("/etc/ld.so.preload", R_OK) = -1 ENOENT (No such file or directory)
29326 openat(AT_FDCWD, "/etc/ld.so.cache", O_RDONLY|O_CLOEXEC) = 3
29326 fstat(3, {st_mode=S_IFREG|0644, st_size=102079, ...}) = 0
29326 mmap(NULL, 102079, PROT_READ, MAP_PRIVATE, 3, 0) = 0x7a5c8be63000
29326 close(3)                          = 0
29326 openat(AT_FDCWD, "/lib/x86_64-linux-gnu/libc.so.6", O_RDONLY|O_CLOEXEC) = 3
29326 read(3, "\177ELF\2\1\1\3\0\0\0\0\0\0\0\0\3\0>\0\1\0\0\0\220\243\2\0\0\0\0\0"..., 832) = 832
29326 pread64(3, "\6\0\0\0\4\0\0\0@\0\0\0\0\0\0\0@\0\0\0\0\0\0\0@\0\0\0\0\0\0\0"..., 784, 64) = 784
29326 fstat(3, {st_mode=S_IFREG|0755, st_size=2125328, ...}) = 0
29326 pread64(3, "\6\0\0\0\4\0\0\0@\0\0\0\0\0\0\0@\0\0\0\0\0\0\0@\0\0\0\0\0\0\0"..., 784, 64) = 784
29326 mmap(NULL, 2170256, PROT_READ, MAP_PRIVATE|MAP_DENYWRITE, 3, 0) = 0x7a5c8bc00000
29326 mmap(0x7a5c8bc28000, 1605632, PROT_READ|PROT_EXEC, MAP_PRIVATE|MAP_FIXED|MAP_DENYWRITE, 3, 0x28000) = 0x7a5c8bc28000
29326 mmap(0x7a5c8bdb0000, 323584, PROT_READ, MAP_PRIVATE|MAP_FIXED|MAP_DENYWRITE, 3, 0x1b0000) = 0x7a5c8bdb0000
29326 mmap(0x7a5c8bdff000, 24576, PROT_READ|PROT_WRITE, MAP_PRIVATE|MAP_FIXED|MAP_DENYWRITE, 3, 0x1fe000) = 0x7a5c8bdff000
29326 mmap(0x7a5c8be05000, 52624, PROT_READ|PROT_WRITE, MAP_PRIVATE|MAP_FIXED|MAP_ANONYMOUS, -1, 0) = 0x7a5c8be05000
29326 close(3)                          = 0
29326 mmap(NULL, 12288, PROT_READ|PROT_WRITE, MAP_PRIVATE|MAP_ANONYMOUS, -1, 0) = 0x7a5c8be60000
29326 arch_prctl(ARCH_SET_FS, 0x7a5c8be60740) = 0
29326 set_tid_address(0x7a5c8be60a10)   = 29326
29326 set_robust_list(0x7a5c8be60a20, 24) = 0
29326 rseq(0x7a5c8be61060, 0x20, 0, 0x53053053) = 0
29326 mprotect(0x7a5c8bdff000, 16384, PROT_READ) = 0
29326 mprotect(0x595f1d4e4000, 4096, PROT_READ) = 0
29326 mprotect(0x7a5c8beb4000, 8192, PROT_READ) = 0
29326 prlimit64(0, RLIMIT_STACK, NULL, {rlim_cur=8192*1024, rlim_max=RLIM64_INFINITY}) = 0
29326 munmap(0x7a5c8be63000, 102079)    = 0
29326 execve("./fact", ["./fact", "6", "6", "720"], 0x7ffda0b6dcd0 /* 32 vars */) = 0
29326 brk(NULL)                         = 0x5a0f1037a000
29326 mmap(NULL, 8192, PROT_READ|PROT_WRITE, MAP_PRIVATE|MAP_ANONYMOUS, -1, 0) = 0x7d449b76b000
29326 access("/etc/ld.so.preload", R_OK) = -1 ENOENT (No such file or directory)
29326 openat(AT_FDCWD, "/etc/ld.so.cache", O_RDONLY|O_CLOEXEC) = 3
29326 fstat(3, {st_mode=S_IFREG|0644, st_size=102079, ...}) = 0
29326 mmap(NULL, 102079, PROT_READ, MAP_PRIVATE, 3, 0) = 0x7d449b752000
29326 close(3)                          = 0
29326 openat(AT_FDCWD, "/lib/x86_64-linux-gnu/libc.so.6", O_RDONLY|O_CLOEXEC) = 3
29326 read(3, "\177ELF\2\1\1\3\0\0\0\0\0\0\0\0\3\0>\0\1\0\0\0\220\243\2\0\0\0\0\0"..., 832) = 832
29326 pread64(3, "\6\0\0\0\4\0\0\0@\0\0\0\0\0\0\0@\0\0\0\0\0\0\0@\0\0\0\0\0\0\0"..., 784, 64) = 784
29326 fstat(3, {st_mode=S_IFREG|0755, st_size=2125328, ...}) = 0
29326 pread64(3, "\6\0\0\0\4\0\0\0@\0\0\0\0\0\0\0@\0\0\0\0\0\0\0@\0\0\0\0\0\0\0"..., 784, 64) = 784
29326 mmap(NULL, 2170256, PROT_READ, MAP_PRIVATE|MAP_DENYWRITE, 3, 0) = 0x7d449b400000
29326 mmap(0x7d449b428000, 1605632, PROT_READ|PROT_EXEC, MAP_PRIVATE|MAP_FIXED|MAP_DENYWRITE, 3, 0x28000) = 0x7d449b428000
29326 mmap(0x7d449b5b0000, 323584, PROT_READ, MAP_PRIVATE|MAP_FIXED|MAP_DENYWRITE, 3, 0x1b0000) = 0x7d449b5b0000
29326 mmap(0x7d449b5ff000, 24576, PROT_READ|PROT_WRITE, MAP_PRIVATE|MAP_FIXED|MAP_DENYWRITE, 3, 0x1fe000) = 0x7d449b5ff000
29326 mmap(0x7d449b605000, 52624, PROT_READ|PROT_WRITE, MAP_PRIVATE|MAP_FIXED|MAP_ANONYMOUS, -1, 0) = 0x7d449b605000
29326 close(3)                          = 0
29326 mmap(NULL, 12288, PROT_READ|PROT_WRITE, MAP_PRIVATE|MAP_ANONYMOUS, -1, 0) = 0x7d449b74f000
29326 arch_prctl(ARCH_SET_FS, 0x7d449b74f740) = 0
29326 set_tid_address(0x7d449b74fa10)   = 29326
29326 set_robust_list(0x7d449b74fa20, 24) = 0
29326 rseq(0x7d449b750060, 0x20, 0, 0x53053053) = 0
29326 mprotect(0x7d449b5ff000, 16384, PROT_READ) = 0
29326 mprotect(0x5a0ed0413000, 4096, PROT_READ) = 0
29326 mprotect(0x7d449b7a3000, 8192, PROT_READ) = 0
29326 prlimit64(0, RLIMIT_STACK, NULL, {rlim_cur=8192*1024, rlim_max=RLIM64_INFINITY}) = 0
29326 munmap(0x7d449b752000, 102079)    = 0
29326 fstat(1, {st_mode=S_IFIFO|0600, st_size=0, ...}) = 0
29326 getrandom("\x27\x9f\x49\x10\xb8\xc7\x6d\x38", 8, GRND_NONBLOCK) = 8
29326 brk(NULL)                         = 0x5a0f1037a000
29326 brk(0x5a0f1039b000)               = 0x5a0f1039b000
29326 write(1, "720\n", 4)              = 4
29326 exit_group(720)                   = ?
29326 +++ exited with 208 +++
