29333 execve("./fact", ["./fact", "7"], 0x7ffccac07580 /* 32 vars */) = 0
29333 brk(NULL)                         = 0x5c05d1a6e000
29333 mmap(NULL, 8192, PROT_READ|PROT_WRITE, MAP_PRIVATE|MAP_ANONYMOUS, -1, 0) = 0x73766d32e000
29333 access("/etc/ld.so.preload", R_OK) = -1 ENOENT (No such file or directory)
29333 openat(AT_FDCWD, "/etc/ld.so.cache", O_RDONLY|O_CLOEXEC) = 3
29333 fstat(3, {st_mode=S_IFREG|0644, st_size=102079, ...}) = 0
29333 mmap(NULL, 102079, PROT_READ, MAP_PRIVATE, 3, 0) = 0x73766d315000
29333 close(3)                          = 0
29333 openat(AT_FDCWD, "/lib/x86_64-linux-gnu/libc.so.6", O_RDONLY|O_CLOEXEC) = 3
29333 read(3, "\177ELF\2\1\1\3\0\0\0\0\0\0\0\0\3\0>\0\1\0\0\0\220\243\2\0\0\0\0\0"..., 832) = 832
29333 pread64(3, "\6\0\0\0\4\0\0\0@\0\0\0\0\0\0\0@\0\0\0\0\0\0\0@\0\0\0\0\0\0\0"..., 784, 64) = 784
29333 fstat(3, {st_mode=S_IFREG|0755, st_size=2125328, ...}) = 0
29333 pread64(3, "\6\0\0\0\4\0\0\0@\0\0\0\0\0\0\0@\0\0\0\0\0\0\0@\0\0\0\0\0\0\0"..., 784, 64) = 784
29333 mmap(NULL, 2170256, PROT_READ, MAP_PRIVATE|MAP_DENYWRITE, 3, 0) = 0x73766d000000
29333 mmap(0x73766d028000, 1605632, PROT_READ|PROT_EXEC, MAP_PRIVATE|MAP_FIXED|MAP_DENYWRITE, 3, 0x28000) = 0x73766d028000
29333 mmap(0x73766d1b0000, 323584, PROT_READ, MAP_PRIVATE|MAP_FIXED|MAP_DENYWRITE, 3, 0x1b0000) = 0x73766d1b0000
29333 mmap(0x73766d1ff000, 24576, PROT_READ|PROT_WRITE, MAP_PRIVATE|MAP_FIXED|MAP_DENYWRITE, 3, 0x1fe000) = 0x73766d1ff000
29333 mmap(0x73766d205000, 52624, PROT_READ|PROT_WRITE, MAP_PRIVATE|MAP_FIXED|MAP_ANONYMOUS, -1, 0) = 0x73766d205000
29333 close(3)                          = 0
29333 mmap(NULL, 12288, PROT_READ|PROT_WRITE, MAP_PRIVATE|MAP_ANONYMOUS, -1, 0) = 0x73766d312000
29333 arch_prctl(ARCH_SET_FS, 0x73766d312740) = 0
29333 set_tid_address(0x73766d312a10)   = 29333
29333 set_robust_list(0x73766d312a20, 24) = 0
29333 rseq(0x73766d313060, 0x20, 0, 0x53053053) = 0
29333 mprotect(0x73766d1ff000, 16384, PROT_READ) = 0
29333 mprotect(0x5c05af4cb000, 4096, PROT_READ) = 0
29333 mprotect(0x73766d366000, 8192, PROT_READ) = 0
29333 prlimit64(0, RLIMIT_STACK, NULL, {rlim_cur=8192*1024, rlim_max=RLIM64_INFINITY}) = 0
29333 munmap(0x73766d315000, 102079)    = 0
29333 execve("./fact", ["./fact", "7", "1", "1"], 0x7ffd6eb03120 /* 32 vars */) = 0
29333 brk(NULL)                         = 0x63c06568e000
29333 mmap(NULL, 8192, PROT_READ|PROT_WRITE, MAP_PRIVATE|MAP_ANONYMOUS, -1, 0) = 0x7fc5c7db0000
29333 access("/etc/ld.so.preload", R_OK) = -1 ENOENT (No such file or directory)
29333 openat(AT_FDCWD, "/etc/ld.so.cache", O_RDONLY|O_CLOEXEC) = 3
29333 fstat(3, {st_mode=S_IFREG|0644, st_size=102079, ...}) = 0
29333 mmap(NULL, 102079, PROT_READ, MAP_PRIVATE, 3, 0) = 0x7fc5c7d97000
29333 close(3)                          = 0
29333 openat(AT_FDCWD, "/lib/x86_64-linux-gnu/libc.so.6", O_RDONLY|O_CLOEXEC) = 3
29333 read(3, "\177ELF\2\1\1\3\0\0\0\0\0\0\0\0\3\0>\0\1\0\0\0\220\243\2\0\0\0\0\0"..., 832) = 832
29333 pread64(3, "\6\0\0\0\4\0\0\0@\0\0\0\0\0\0\0@\0\0\0\0\0\0\0@\0\0\0\0\0\0\0"..., 784, 64) = 784
29333 fstat(3, {st_mode=S_IFREG|0755, st_size=2125328, ...}) = 0
29333 pread64(3, "\6\0\0\0\4\0\0\0@\0\0\0\0\0\0\0@\0\0\0\0\0\0\0@\0\0\0\0\0\0\0"..., 784, 64) = 784
29333 mmap(NULL, 2170256, PROT_READ, MAP_PRIVATE|MAP_DENYWRITE, 3, 0) = 0x7fc5c7a00000
29333 mmap(0x7fc5c7a28000, 1605632, PROT_READ|PROT_EXEC, MAP_PRIVATE|MAP_FIXED|MAP_DENYWRITE, 3, 0x28000) = 0x7fc5c7a28000
29333 mmap(0x7fc5c7bb0000, 323584, PROT_READ, MAP_PRIVATE|MAP_FIXED|MAP_DENYWRITE, 3, 0x1b0000) = 0x7fc5c7bb0000
29333 mmap(0x7fc5c7bff000, 24576, PROT_READ|PROT_WRITE, MAP_PRIVATE|MAP_FIXED|MAP_DENYWRITE, 3, 0x1fe000) = 0x7fc5c7bff000
29333 mmap(0x7fc5c7c05000, 52624, PROT_READ|PROT_WRITE, MAP_PRIVATE|MAP_FIXED|MAP_ANONYMOUS, -1, 0) = 0x7fc5c7c05000
29333 close(3)                          = 0
29333 mmap(NULL, 12288, PROT_READ|PROT_WRITE, MAP_PRIVATE|MAP_ANONYMOUS, -1, 0) = 0x7fc5c7d94000
29333 arch_prctl(ARCH_SET_FS, 0x7fc5c7d94740) = 0
29333 set_tid_address(0x7fc5c7d94a10)   = 29333
29333 set_robust_list(0x7fc5c7d94a20, 24) = 0
29333 rseq(0x7fc5c7d95060, 0x20, 0, 0x53053053) = 0
29333 mprotect(0x7fc5c7bff000, 16384, PROT_READ) = 0
29333 mprotect(0x63c025b57000, 4096, PROT_READ) = 0
29333 mprotect(0x7fc5c7de8000, 8192, PROT_READ) = 0
29333 prlimit64(0, RLIMIT_STACK, NULL, {rlim_cur=8192*1024, rlim_max=RLIM64_INFINITY}) = 0
29333 munmap(0x7fc5c7d97000, 102079)    = 0
29333 execve("./fact", ["./fact", "7", "2", "2"], 0x7fffbf9eba90 /* 32 vars */) = 0
29333 brk(NULL)                         = 0x587163e89000
29333 mmap(NULL, 8192, PROT_READ|PROT_WRITE, MAP_PRIVATE|MAP_ANONYMOUS, -1, 0) = 0x7b6aa22fc000
29333 access("/etc/ld.so.preload", R_OK) = -1 ENOENT (No such file or directory)
29333 openat(AT_FDCWD, "/etc/ld.so.cache", O_RDONLY|O_CLOEXEC) = 3
29333 fstat(3, {st_mode=S_IFREG|0644, st_size=102079, ...}) = 0
29333 mmap(NULL, 102079, PROT_READ, MAP_PRIVATE, 3, 0) = 0x7b6aa22e3000
29333 close(3)                          = 0
29333 openat(AT_FDCWD, "/lib/x86_64-linux-gnu/libc.so.6", O_RDONLY|O_CLOEXEC) = 3
29333 read(3, "\177ELF\2\1\1\3\0\0\0\0\0\0\0\0\3\0>\0\1\0\0\0\220\243\2\0\0\0\0\0"..., 832) = 832
29333 pread64(3, "\6\0\0\0\4\0\0\0@\0\0\0\0\0\0\0@\0\0\0\0\0\0\0@\0\0\0\0\0\0\0"..., 784, 64) = 784
29333 fstat(3, {st_mode=S_IFREG|0755, st_size=2125328, ...}) = 0
29333 pread64(3, "\6\0\0\0\4\0\0\0@\0\0\0\0\0\0\0@\0\0\0\0\0\0\0@\0\0\0\0\0\0\0"..., 784, 64) = 784
29333 mmap(NULL, 2170256, PROT_READ, MAP_PRIVATE|MAP_DENYWRITE, 3, 0) = 0x7b6aa2000000
29333 mmap(0x7b6aa2028000, 1605632, PROT_READ|PROT_EXEC, MAP_PRIVATE|MAP_FIXED|MAP_DENYWRITE, 3, 0x28000) = 0x7b6aa2028000
29333 mmap(0x7b6aa21b0000, 323584, PROT_READ, MAP_PRIVATE|MAP_FIXED|MAP_DENYWRITE, 3, 0x1b0000) = 0x7b6aa21b0000
29333 mmap(0x7b6aa21ff000, 24576, PROT_READ|PROT_WRITE, MAP_PRIVATE|MAP_FIXED|MAP_DENYWRITE, 3, 0x1fe000) = 0x7b6aa21ff000
29333 mmap(0x7b6aa2205000, 52624, PROT_READ|PROT_WRITE, MAP_PRIVATE|MAP_FIXED|MAP_ANONYMOUS, -1, 0) = 0x7b6aa2205000
29333 close(3)                          = 0
29333 mmap(NULL, 12288, PROT_READ|PROT_WRITE, MAP_PRIVATE|MAP_ANONYMOUS, -1, 0) = 0x7b6aa22e0000
29333 arch_prctl(ARCH_SET_FS, 0x7b6aa22e0740) = 0
29333 set_tid_address(0x7b6aa22e0a10)   = 29333
29333 set_robust_list(0x7b6aa22e0a20, 24) = 0
29333 rseq(0x7b6aa22e1060, 0x20, 0, 0x53053053) = 0
29333 mprotect(0x7b6aa21ff000, 16384, PROT_READ) = 0
29333 mprotect(0x58714a992000, 4096, PROT_READ) = 0
29333 mprotect(0x7b6aa2334000, 8192, PROT_READ) = 0
29333 prlimit64(0, RLIMIT_STACK, NULL, {rlim_cur=8192*1024, rlim_max=RLIM64_INFINITY}) = 0
29333 munmap(0x7b6aa22e3000, 102079)    = 0
29333 execve("./fact", ["./fact", "7", "3", "6"], 0x7ffdcdeaa010 /* 32 vars */) = 0
29333 brk(NULL)                         = 0x5579b627f000
29333 mmap(NULL, 8192, PROT_READ|PROT_WRITE, MAP_PRIVATE|MAP_ANONYMOUS, -1, 0) = 0x73c92a0f5000
29333 access("/etc/ld.so.preload", R_OK) = -1 ENOENT (No such file or directory)
29333 openat(AT_FDCWD, "/etc/ld.so.cache", O_RDONLY|O_CLOEXEC) = 3
29333 fstat(3, {st_mode=S_IFREG|0644, st_size=102079, ...}) = 0
29333 mmap(NULL, 102079, PROT_READ, MAP_PRIVATE, 3, 0) = 0x73c92a0dc000
29333 close(3)                          = 0
29333 openat(AT_FDCWD, "/lib/x86_64-linux-gnu/libc.so.6", O_RDONLY|O_CLOEXEC) = 3
29333 read(3, "\177ELF\2\1\1\3\0\0\0\0\0\0\0\0\3\0>\0\1\0\0\0\220\243\2\0\0\0\0\0"..., 832) = 832
29333 pread64(3, "\6\0\0\0\4\0\0\0@\0\0\0\0\0\0\0@\0\0\0\0\0\0\0@\0\0\0\0\0\0\0"..., 784, 64) = 784
29333 fstat(3, {st_mode=S_IFREG|0755, st_size=2125328, ...}) = 0
29333 pread64(3, "\6\0\0\0\4\0\0\0@\0\0\0\0\0\0\0@\0\0\0\0\0\0\0@\0\0\0\0\0\0\0"..., 784, 64) = 784
29333 mmap(NULL, 2170256, PROT_READ, MAP_PRIVATE|MAP_DENYWRITE, 3, 0) = 0x73c929e00000
29333 mmap(0x73c929e28000, 1605632, PROT_READ|PROT_EXEC, MAP_PRIVATE|MAP_FIXED|MAP_DENYWRITE, 3, 0x28000) = 0x73c929e28000
29333 mmap(0x73c929fb0000, 323584, PROT_READ, MAP_PRIVATE|MAP_FIXED|MAP_DENYWRITE, 3, 0x1b0000) = 0x73c929fb0000
29333 mmap(0x73c929fff000, 24576, PROT_READ|PROT_WRITE, MAP_PRIVATE|MAP_FIXED|MAP_DENYWRITE, 3, 0x1fe000) = 0x73c929fff000
29333 mmap(0x73c92a005000, 52624, PROT_READ|PROT_WRITE, MAP_PRIVATE|MAP_FIXED|MAP_ANONYMOUS, -1, 0) = 0x73c92a005000
29333 close(3)                          = 0
29333 mmap(NULL, 12288, PROT_READ|PROT_WRITE, MAP_PRIVATE|MAP_ANONYMOUS, -1, 0) = 0x73c92a0d9000
29333 arch_prctl(ARCH_SET_FS, 0x73c92a0d9740) = 0
29333 set_tid_address(0x73c92a0d9a10)   = 29333
29333 set_robust_list(0x73c92a0d9a20, 24) = 0
29333 rseq(0x73c92a0da060, 0x20, 0, 0x53053053) = 0
29333 mprotect(0x73c929fff000, 16384, PROT_READ) = 0
29333 mprotect(0x5579b4f83000, 4096, PROT_READ) = 0
29333 mprotect(0x73c92a12d000, 8192, PROT_READ) = 0
29333 prlimit64(0, RLIMIT_STACK, NULL, {rlim_cur=8192*1024, rlim_max=RLIM64_INFINITY}) = 0
29333 munmap(0x73c92a0dc000, 102079)    = 0
29333 execve("./fact", ["./fact", "7", "4", "24"], 0x7ffc61fafb40 /* 32 vars */) = 0
29333 brk(NULL)                         = 0x63ed956d2000
29333 mmap(NULL, 8192, PROT_READ|PROT_WRITE, MAP_PRIVATE|MAP_ANONYMOUS, -1, 0) = 0x75d1915c1000
29333 access("/etc/ld.so.preload", R_OK) = -1 ENOENT (No such file or directory)
29333 openat(AT_FDCWD, "/etc/ld.so.cache", O_RDONLY|O_CLOEXEC) = 3
29333 fstat(3, {st_mode=S_IFREG|0644, st_size=102079, ...}) = 0
29333 mmap(NULL, 102079, PROT_READ, MAP_PRIVATE, 3, 0) = 0x75d1915a8000
29333 close(3)                          = 0
29333 openat(AT_FDCWD, "/lib/x86_64-linux-gnu/libc.so.6", O_RDONLY|O_CLOEXEC) = 3
29333 read(3, "\177ELF\2\1\1\3\0\0\0\0\0\0\0\0\3\0>\0\1\0\0\0\220\243\2\0\0\0\0\0"..., 832) = 832
29333 pread64(3, "\6\0\0\0\4\0\0\0@\0\0\0\0\0\0\0@\0\0\0\0\0\0\0@\0\0\0\0\0\0\0"..., 784, 64) = 784
29333 fstat(3, {st_mode=S_IFREG|0755, st_size=2125328, ...}) = 0
29333 pread64(3, "\6\0\0\0\4\0\0\0@\0\0\0\0\0\0\0@\0\0\0\0\0\0\0@\0\0\0\0\0\0\0"..., 784, 64) = 784
29333 mmap(NULL, 2170256, PROT_READ, MAP_PRIVATE|MAP_DENYWRITE, 3, 0) = 0x75d191200000
29333 mmap(0x75d191228000, 1605632, PROT_READ|PROT_EXEC, MAP_PRIVATE|MAP_FIXED|MAP_DENYWRITE, 3, 0x28000) = 0x75d191228000
29333 mmap(0x75d1913b0000, 323584, PROT_READ, MAP_PRIVATE|MAP_FIXED|MAP_DENYWRITE, 3, 0x1b0000) = 0x75d1913b0000
29333 mmap(0x75d1913ff000, 24576, PROT_READ|PROT_WRITE, MAP_PRIVATE|MAP_FIXED|MAP_DENYWRITE, 3, 0x1fe000) = 0x75d1913ff000
29333 mmap(0x75d191405000, 52624, PROT_READ|PROT_WRITE, MAP_PRIVATE|MAP_FIXED|MAP_ANONYMOUS, -1, 0) = 0x75d191405000
29333 close(3)                          = 0
29333 mmap(NULL, 12288, PROT_READ|PROT_WRITE, MAP_PRIVATE|MAP_ANONYMOUS, -1, 0) = 0x75d1915a5000
29333 arch_prctl(ARCH_SET_FS, 0x75d1915a5740) = 0
29333 set_tid_address(0x75d1915a5a10)   = 29333
29333 set_robust_list(0x75d1915a5a20, 24) = 0
29333 rseq(0x75d1915a6060, 0x20, 0, 0x53053053) = 0
29333 mprotect(0x75d1913ff000, 16384, PROT_READ) = 0
29333 mprotect(0x63ed90625000, 4096, PROT_READ) = 0
29333 mprotect(0x75d1915f9000, 8192, PROT_READ) = 0
29333 prlimit64(0, RLIMIT_STACK, NULL, {rlim_cur=8192*1024, rlim_max=RLIM64_INFINITY}) = 0
29333 munmap(0x75d1915a8000, 102079)    = 0
29333 execve("./fact", ["./fact", "7", "5", "120"], 0x7ffef48d91b0 /* 32 vars */) = 0
29333 brk(NULL)                         = 0x567153515000
29333 mmap(NULL, 8192, PROT_READ|PROT_WRITE, MAP_PRIVATE|MAP_ANONYMOUS, -1, 0) = 0x7390177c2000
29333 access("/etc/ld.so.preload", R_OK) = -1 ENOENT (No such file or directory)
29333 openat(AT_FDCWD, "/etc/ld.so.cache", O_RDONLY|O_CLOEXEC) = 3
29333 fstat(3, {st_mode=S_IFREG|0644, st_size=102079, ...}) = 0
29333 mmap(NULL, 102079, PROT_READ, MAP_PRIVATE, 3, 0) = 0x7390177a9000
29333 close(3)                          = 0
29333 openat(AT_FDCWD, "/lib/x86_64-linux-gnu/libc.so.6", O_RDONLY|O_CLOEXEC) = 3
29333 read(3, "\177ELF\2\1\1\3\0\0\0\0\0\0\0\0\3\0>\0\1\0\0\0\220\243\2\0\0\0\0\0"..., 832) = 832
29333 pread64(3, "\6\0\0\0\4\0\0\0@\0\0\0\0\0\0\0@\0\0\0\0\0\0\0@\0\0\0\0\0\0\0"..., 784, 64) = 784
29333 fstat(3, {st_mode=S_IFREG|0755, st_size=2125328, ...}) = 0
29333 pread64(3, "\6\0\0\0\4\0\0\0@\0\0\0\0\0\0\0@\0\0\0\0\0\0\0@\0\0\0\0\0\0\0"..., 784, 64) = 784
29333 mmap(NULL, 2170256, PROT_READ, MAP_PRIVATE|MAP_DENYWRITE, 3, 0) = 0x739017400000
29333 mmap(0x739017428000, 1605632, PROT_READ|PROT_EXEC, MAP_PRIVATE|MAP_FIXED|MAP_DENYWRITE, 3, 0x28000) = 0x739017428000
29333 mmap(0x7390175b0000, 323584, PROT_READ, MAP_PRIVATE|MAP_FIXED|MAP_DENYWRITE, 3, 0x1b0000) = 0x7390175b0000
29333 mmap(0x7390175ff000, 24576, PROT_READ|PROT_WRITE, MAP_PRIVATE|MAP_FIXED|MAP_DENYWRITE, 3, 0x1fe000) = 0x7390175ff000
29333 mmap(0x739017605000, 52624, PROT_READ|PROT_WRITE, MAP_PRIVATE|MAP_FIXED|MAP_ANONYMOUS, -1, 0) = 0x739017605000
29333 close(3)                          = 0
29333 mmap(NULL, 12288, PROT_READ|PROT_WRITE, MAP_PRIVATE|MAP_ANONYMOUS, -1, 0) = 0x7390177a6000
29333 arch_prctl(ARCH_SET_FS, 0x7390177a6740) = 0
29333 set_tid_address(0x7390177a6a10)   = 29333
29333 set_robust_list(0x7390177a6a20, 24) = 0
29333 rseq(0x7390177a7060, 0x20, 0, 0x53053053) = 0
29333 mprotect(0x7390175ff000, 16384, PROT_READ) = 0
29333 mprotect(0x56714b38d000, 4096, PROT_READ) = 0
29333 mprotect(0x7390177fa000, 8192, PROT_READ) = 0
29333 prlimit64(0, RLIMIT_STACK, NULL, {rlim_cur=8192*1024, rlim_max=RLIM64_INFINITY}) = 0
29333 munmap(0x7390177a9000, 102079)    = 0
29333 execve("./fact", ["./fact", "7", "6", "720"], 0x7ffcb5ec5c20 /* 32 vars */) = 0
29333 brk(NULL)                         = 0x5ada12630000
29333 mmap(NULL, 8192, PROT_READ|PROT_WRITE, MAP_PRIVATE|MAP_ANONYMOUS, -1, 0) = 0x724d483ba000
29333 access("/etc/ld.so.preload", R_OK) = -1 ENOENT (No such file or directory)
29333 openat(AT_FDCWD, "/etc/ld.so.cache", O_RDONLY|O_CLOEXEC) = 3
29333 fstat(3, {st_mode=S_IFREG|0644, st_size=102079, ...}) = 0
29333 mmap(NULL, 102079, PROT_READ, MAP_PRIVATE, 3, 0) = 0x724d483a1000
29333 close(3)                          = 0
29333 openat(AT_FDCWD, "/lib/x86_64-linux-gnu/libc.so.6", O_RDONLY|O_CLOEXEC) = 3
29333 read(3, "\177ELF\2\1\1\3\0\0\0\0\0\0\0\0\3\0>\0\1\0\0\0\220\243\2\0\0\0\0\0"..., 832) = 832
29333 pread64(3, "\6\0\0\0\4\0\0\0@\0\0\0\0\0\0\0@\0\0\0\0\0\0\0@\0\0\0\0\0\0\0"..., 784, 64) = 784
29333 fstat(3, {st_mode=S_IFREG|0755, st_size=2125328, ...}) = 0
29333 pread64(3, "\6\0\0\0\4\0\0\0@\0\0\0\0\0\0\0@\0\0\0\0\0\0\0@\0\0\0\0\0\0\0"..., 784, 64) = 784
29333 mmap(NULL, 2170256, PROT_READ, MAP_PRIVATE|MAP_DENYWRITE, 3, 0) = 0x724d48000000
29333 mmap(0x724d48028000, 1605632, PROT_READ|PROT_EXEC, MAP_PRIVATE|MAP_FIXED|MAP_DENYWRITE, 3, 0x28000) = 0x724d48028000
29333 mmap(0x724d481b0000, 323584, PROT_READ, MAP_PRIVATE|MAP_FIXED|MAP_DENYWRITE, 3, 0x1b0000) = 0x724d481b0000
29333 mmap(0x724d481ff000, 24576, PROT_READ|PROT_WRITE, MAP_PRIVATE|MAP_FIXED|MAP_DENYWRITE, 3, 0x1fe000) = 0x724d481ff000
29333 mmap(0x724d48205000, 52624, PROT_READ|PROT_WRITE, MAP_PRIVATE|MAP_FIXED|MAP_ANONYMOUS, -1, 0) = 0x724d48205000
29333 close(3)                          = 0
29333 mmap(NULL, 12288, PROT_READ|PROT_WRITE, MAP_PRIVATE|MAP_ANONYMOUS, -1, 0) = 0x724d4839e000
29333 arch_prctl(ARCH_SET_FS, 0x724d4839e740) = 0
29333 set_tid_address(0x724d4839ea10)   = 29333
29333 set_robust_list(0x724d4839ea20, 24) = 0
29333 rseq(0x724d4839f060, 0x20, 0, 0x53053053) = 0
29333 mprotect(0x724d481ff000, 16384, PROT_READ) = 0
29333 mprotect(0x5ad9fa18c000, 4096, PROT_READ) = 0
29333 mprotect(0x724d483f2000, 8192, PROT_READ) = 0
29333 prlimit64(0, RLIMIT_STACK, NULL, {rlim_cur=8192*1024, rlim_max=RLIM64_INFINITY}) = 0
29333 munmap(0x724d483a1000, 102079)    = 0
29333 execve("./fact", ["./fact", "7", "7", "5040"], 0x7ffd0d121020 /* 32 vars */) = 0
29333 brk(NULL)                         = 0x57d1af7d3000
29333 mmap(NULL, 8192, PROT_READ|PROT_WRITE, MAP_PRIVATE|MAP_ANONYMOUS, -1, 0) = 0x709a2538c000
29333 access("/etc/ld.so.preload", R_OK) = -1 ENOENT (No such file or directory)
29333 openat(AT_FDCWD, "/etc/ld.so.cache", O_RDONLY|O_CLOEXEC) = 3
29333 fstat(3, {st_mode=S_IFREG|0644, st_size=102079, ...}) = 0
29333 mmap(NULL, 102079, PROT_READ, MAP_PRIVATE, 3, 0) = 0x709a25373000
29333 close(3)                          = 0
29333 openat(AT_FDCWD, "/lib/x86_64-linux-gnu/libc.so.6", O_RDONLY|O_CLOEXEC) = 3
29333 read(3, "\177ELF\2\1\1\3\0\0\0\0\0\0\0\0\3\0>\0\1\0\0\0\220\243\2\0\0\0\0\0"..., 832) = 832
29333 pread64(3, "\6\0\0\0\4\0\0\0@\0\0\0\0\0\0\0@\0\0\0\0\0\0\0@\0\0\0\0\0\0\0"..., 784, 64) = 784
29333 fstat(3, {st_mode=S_IFREG|0755, st_size=2125328, ...}) = 0
29333 pread64(3, "\6\0\0\0\4\0\0\0@\0\0\0\0\0\0\0@\0\0\0\0\0\0\0@\0\0\0\0\0\0\0"..., 784, 64) = 784
29333 mmap(NULL, 2170256, PROT_READ, MAP_PRIVATE|MAP_DENYWRITE, 3, 0) = 0x709a25000000
29333 mmap(0x709a25028000, 1605632, PROT_READ|PROT_EXEC, MAP_PRIVATE|MAP_FIXED|MAP_DENYWRITE, 3, 0x28000) = 0x709a25028000
29333 mmap(0x709a251b0000, 323584, PROT_READ, MAP_PRIVATE|MAP_FIXED|MAP_DENYWRITE, 3, 0x1b0000) = 0x709a251b0000
29333 mmap(0x709a251ff000, 24576, PROT_READ|PROT_WRITE, MAP_PRIVATE|MAP_FIXED|MAP_DENYWRITE, 3, 0x1fe000) = 0x709a251ff000
29333 mmap(0x709a25205000, 52624, PROT_READ|PROT_WRITE, MAP_PRIVATE|MAP_FIXED|MAP_ANONYMOUS, -1, 0) = 0x709a25205000
29333 close(3)                          = 0
29333 mmap(NULL, 12288, PROT_READ|PROT_WRITE, MAP_PRIVATE|MAP_ANONYMOUS, -1, 0) = 0x709a25370000
29333 arch_prctl(ARCH_SET_FS, 0x709a25370740) = 0
29333 set_tid_address(0x709a25370a10)   = 29333
29333 set_robust_list(0x709a25370a20, 24) = 0
29333 rseq(0x709a25371060, 0x20, 0, 0x53053053) = 0
29333 mprotect(0x709a251ff000, 16384, PROT_READ) = 0
29333 mprotect(0x57d188f79000, 4096, PROT_READ) = 0
29333 mprotect(0x709a253c4000, 8192, PROT_READ) = 0
29333 prlimit64(0, RLIMIT_STACK, NULL, {rlim_cur=8192*1024, rlim_max=RLIM64_INFINITY}) = 0
29333 munmap(0x709a25373000, 102079)    = 0
29333 fstat(1, {st_mode=S_IFIFO|0600, st_size=0, ...}) = 0
29333 getrandom("\xd2\x8f\x68\x65\x23\x63\x91\xe1", 8, GRND_NONBLOCK) = 8
29333 brk(NULL)                         = 0x57d1af7d3000
29333 brk(0x57d1af7f4000)               = 0x57d1af7f4000
29333 write(1, "5040\n", 5)             = 5
29333 exit_group(5040)                  = ?
29333 +++ exited with 176 +++
