29347 execve("./fact", ["./fact", "9"], 0x7fffc5727960 /* 32 vars */) = 0
29347 brk(NULL)                         = 0x5918b693f000
29347 mmap(NULL, 8192, PROT_READ|PROT_WRITE, MAP_PRIVATE|MAP_ANONYMOUS, -1, 0) = 0x76ddcb809000
29347 access("/etc/ld.so.preload", R_OK) = -1 ENOENT (No such file or directory)
29347 openat(AT_FDCWD, "/etc/ld.so.cache", O_RDONLY|O_CLOEXEC) = 3
29347 fstat(3, {st_mode=S_IFREG|0644, st_size=102079, ...}) = 0
29347 mmap(NULL, 102079, PROT_READ, MAP_PRIVATE, 3, 0) = 0x76ddcb7f0000
29347 close(3)                          = 0
29347 openat(AT_FDCWD, "/lib/x86_64-linux-gnu/libc.so.6", O_RDONLY|O_CLOEXEC) = 3
29347 read(3, "\177ELF\2\1\1\3\0\0\0\0\0\0\0\0\3\0>\0\1\0\0\0\220\243\2\0\0\0\0\0"..., 832) = 832
29347 pread64(3, "\6\0\0\0\4\0\0\0@\0\0\0\0\0\0\0@\0\0\0\0\0\0\0@\0\0\0\0\0\0\0"..., 784, 64) = 784
29347 fstat(3, {st_mode=S_IFREG|0755, st_size=2125328, ...}) = 0
29347 pread64(3, "\6\0\0\0\4\0\0\0@\0\0\0\0\0\0\0@\0\0\0\0\0\0\0@\0\0\0\0\0\0\0"..., 784, 64) = 784
29347 mmap(NULL, 2170256, PROT_READ, MAP_PRIVATE|MAP_DENYWRITE, 3, 0) = 0x76ddcb400000
29347 mmap(0x76ddcb428000, 1605632, PROT_READ|PROT_EXEC, MAP_PRIVATE|MAP_FIXED|MAP_DENYWRITE, 3, 0x28000) = 0x76ddcb428000
29347 mmap(0x76ddcb5b0000, 323584, PROT_READ, MAP_PRIVATE|MAP_FIXED|MAP_DENYWRITE, 3, 0x1b0000) = 0x76ddcb5b0000
29347 mmap(0x76ddcb5ff000, 24576, PROT_READ|PROT_WRITE, MAP_PRIVATE|MAP_FIXED|MAP_DENYWRITE, 3, 0x1fe000) = 0x76ddcb5ff000
29347 mmap(0x76ddcb605000, 52624, PROT_READ|PROT_WRITE, MAP_PRIVATE|MAP_FIXED|MAP_ANONYMOUS, -1, 0) = 0x76ddcb605000
29347 close(3)                          = 0
29347 mmap(NULL, 12288, PROT_READ|PROT_WRITE, MAP_PRIVATE|MAP_ANONYMOUS, -1, 0) = 0x76ddcb7ed000
29347 arch_prctl(ARCH_SET_FS, 0x76ddcb7ed740) = 0
29347 set_tid_address(0x76ddcb7eda10)   = 29347
29347 set_robust_list(0x76ddcb7eda20, 24) = 0
29347 rseq(0x76ddcb7ee060, 0x20, 0, 0x53053053) = 0
29347 mprotect(0x76ddcb5ff000, 16384, PROT_READ) = 0
29347 mprotect(0x59188e0e8000, 4096, PROT_READ) = 0
29347 mprotect(0x76ddcb841000, 8192, PROT_READ) = 0
29347 prlimit64(0, RLIMIT_STACK, NULL, {rlim_cur=8192*1024, rlim_max=RLIM64_INFINITY}) = 0
29347 munmap(0x76ddcb7f0000, 102079)    = 0
29347 execve("./fact", ["./fact", "9", "1", "1"], 0x7fffbff85220 /* 32 vars */) = 0
29347 brk(NULL)                         = 0x5808ebeab000
29347 mmap(NULL, 8192, PROT_READ|PROT_WRITE, MAP_PRIVATE|MAP_ANONYMOUS, -1, 0) = 0x7b43578e4000
29347 access("/etc/ld.so.preload", R_OK) = -1 ENOENT (No such file or directory)
29347 openat(AT_FDCWD, "/etc/ld.so.cache", O_RDONLY|O_CLOEXEC) = 3
29347 fstat(3, {st_mode=S_IFREG|0644, st_size=102079, ...}) = 0
29347 mmap(NULL, 102079, PROT_READ, MAP_PRIVATE, 3, 0) = 0x7b43578cb000
29347 close(3)                          = 0
29347 openat(AT_FDCWD, "/lib/x86_64-linux-gnu/libc.so.6", O_RDONLY|O_CLOEXEC) = 3
29347 read(3, "\177ELF\2\1\1\3\0\0\0\0\0\0\0\0\3\0>\0\1\0\0\0\220\243\2\0\0\0\0\0"..., 832) = 832
29347 pread64(3, "\6\0\0\0\4\0\0\0@\0\0\0\0\0\0\0@\0\0\0\0\0\0\0@\0\0\0\0\0\0\0"..., 784, 64) = 784
29347 fstat(3, {st_mode=S_IFREG|0755, st_size=2125328, ...}) = 0
29347 pread64(3, "\6\0\0\0\4\0\0\0@\0\0\0\0\0\0\0@\0\0\0\0\0\0\0@\0\0\0\0\0\0\0"..., 784, 64) = 784
29347 mmap(NULL, 2170256, PROT_READ, MAP_PRIVATE|MAP_DENYWRITE, 3, 0) = 0x7b4357600000
29347 mmap(0x7b4357628000, 1605632, PROT_READ|PROT_EXEC, MAP_PRIVATE|MAP_FIXED|MAP_DENYWRITE, 3, 0x28000) = 0x7b4357628000
29347 mmap(0x7b43577b0000, 323584, PROT_READ, MAP_PRIVATE|MAP_FIXED|MAP_DENYWRITE, 3, 0x1b0000) = 0x7b43577b0000
29347 mmap(0x7b43577ff000, 24576, PROT_READ|PROT_WRITE, MAP_PRIVATE|MAP_FIXED|MAP_DENYWRITE, 3, 0x1fe000) = 0x7b43577ff000
29347 mmap(0x7b4357805000, 52624, PROT_READ|PROT_WRITE, MAP_PRIVATE|MAP_FIXED|MAP_ANONYMOUS, -1, 0) = 0x7b4357805000
29347 close(3)                          = 0
29347 mmap(NULL, 12288, PROT_READ|PROT_WRITE, MAP_PRIVATE|MAP_ANONYMOUS, -1, 0) = 0x7b43578c8000
29347 arch_prctl(ARCH_SET_FS, 0x7b43578c8740) = 0
29347 set_tid_address(0x7b43578c8a10)   = 29347
29347 set_robust_list(0x7b43578c8a20, 24) = 0
29347 rseq(0x7b43578c9060, 0x20, 0, 0x53053053) = 0
29347 mprotect(0x7b43577ff000, 16384, PROT_READ) = 0
29347 mprotect(0x5808db0b4000, 4096, PROT_READ) = 0
29347 mprotect(0x7b435791c000, 8192, PROT_READ) = 0
29347 prlimit64(0, RLIMIT_STACK, NULL, {rlim_cur=8192*1024, rlim_max=RLIM64_INFINITY}) = 0
29347 munmap(0x7b43578cb000, 102079)    = 0
29347 execve("./fact", ["./fact", "9", "2", "2"], 0x7fff66822240 /* 32 vars */) = 0
29347 brk(NULL)                         = 0x602d0af51000
29347 mmap(NULL, 8192, PROT_READ|PROT_WRITE, MAP_PRIVATE|MAP_ANONYMOUS, -1, 0) = 0x78d01c16a000
29347 access("/etc/ld.so.preload", R_OK) = -1 ENOENT (No such file or directory)
29347 openat(AT_FDCWD, "/etc/ld.so.cache", O_RDONLY|O_CLOEXEC) = 3
29347 fstat(3, {st_mode=S_IFREG|0644, st_size=102079, ...}) = 0
29347 mmap(NULL, 102079, PROT_READ, MAP_PRIVATE, 3, 0) = 0x78d01c151000
29347 close(3)                          = 0
29347 openat(AT_FDCWD, "/lib/x86_64-linux-gnu/libc.so.6", O_RDONLY|O_CLOEXEC) = 3
29347 read(3, "\177ELF\2\1\1\3\0\0\0\0\0\0\0\0\3\0>\0\1\0\0\0\220\243\2\0\0\0\0\0"..., 832) = 832
29347 pread64(3, "\6\0\0\0\4\0\0\0@\0\0\0\0\0\0\0@\0\0\0\0\0\0\0@\0\0\0\0\0\0\0"..., 784, 64) = 784
29347 fstat(3, {st_mode=S_IFREG|0755, st_size=2125328, ...}) = 0
29347 pread64(3, "\6\0\0\0\4\0\0\0@\0\0\0\0\0\0\0@\0\0\0\0\0\0\0@\0\0\0\0\0\0\0"..., 784, 64) = 784
29347 mmap(NULL, 2170256, PROT_READ, MAP_PRIVATE|MAP_DENYWRITE, 3, 0) = 0x78d01be00000
29347 mmap(0x78d01be28000, 1605632, PROT_READ|PROT_EXEC, MAP_PRIVATE|MAP_FIXED|MAP_DENYWRITE, 3, 0x28000) = 0x78d01be28000
29347 mmap(0x78d01bfb0000, 323584, PROT_READ, MAP_PRIVATE|MAP_FIXED|MAP_DENYWRITE, 3, 0x1b0000) = 0x78d01bfb0000
29347 mmap(0x78d01bfff000, 24576, PROT_READ|PROT_WRITE, MAP_PRIVATE|MAP_FIXED|MAP_DENYWRITE, 3, 0x1fe000) = 0x78d01bfff000
29347 mmap(0x78d01c005000, 52624, PROT_READ|PROT_WRITE, MAP_PRIVATE|MAP_FIXED|MAP_ANONYMOUS, -1, 0) = 0x78d01c005000
29347 close(3)                          = 0
29347 mmap(NULL, 12288, PROT_READ|PROT_WRITE, MAP_PRIVATE|MAP_ANONYMOUS, -1, 0) = 0x78d01c14e000
29347 arch_prctl(ARCH_SET_FS, 0x78d01c14e740) = 0
29347 set_tid_address(0x78d01c14ea10)   = 29347
29347 set_robust_list(0x78d01c14ea20, 24) = 0
29347 rseq(0x78d01c14f060, 0x20, 0, 0x53053053) = 0
29347 mprotect(0x78d01bfff000, 16384, PROT_READ) = 0
29347 mprotect(0x602cf720b000, 4096, PROT_READ) = 0
29347 mprotect(0x78d01c1a2000, 8192, PROT_READ) = 0
29347 prlimit64(0, RLIMIT_STACK, NULL, {rlim_cur=8192*1024, rlim_max=RLIM64_INFINITY}) = 0
29347 munmap(0x78d01c151000, 102079)    = 0
29347 execve("./fact", ["./fact", "9", "3", "6"], 0x7ffe7e53b8b0 /* 32 vars */) = 0
29347 brk(NULL)                         = 0x629a0dda4000
29347 mmap(NULL, 8192, PROT_READ|PROT_WRITE, MAP_PRIVATE|MAP_ANONYMOUS, -1, 0) = 0x735efed51000
29347 access("/etc/ld.so.preload", R_OK) = -1 ENOENT (No such file or directory)
29347 openat(AT_FDCWD, "/etc/ld.so.cache", O_RDONLY|O_CLOEXEC) = 3
29347 fstat(3, {st_mode=S_IFREG|0644, st_size=102079, ...}) = 0
29347 mmap(NULL, 102079, PROT_READ, MAP_PRIVATE, 3, 0) = 0x735efed38000
29347 close(3)                          = 0
29347 openat(AT_FDCWD, "/lib/x86_64-linux-gnu/libc.so.6", O_RDONLY|O_CLOEXEC) = 3
29347 read(3, "\177ELF\2\1\1\3\0\0\0\0\0\0\0\0\3\0>\0\1\0\0\0\220\243\2\0\0\0\0\0"..., 832) = 832
29347 pread64(3, "\6\0\0\0\4\0\0\0@\0\0\0\0\0\0\0@\0\0\0\0\0\0\0@\0\0\0\0\0\0\0"..., 784, 64) = 784
29347 fstat(3, {st_mode=S_IFREG|0755, st_size=2125328, ...}) = 0
29347 pread64(3, "\6\0\0\0\4\0\0\0@\0\0\0\0\0\0\0@\0\0\0\0\0\0\0@\0\0\0\0\0\0\0"..., 784, 64) = 784
29347 mmap(NULL, 2170256, PROT_READ, MAP_PRIVATE|MAP_DENYWRITE, 3, 0) = 0x735efea00000
29347 mmap(0x735efea28000, 1605632, PROT_READ|PROT_EXEC, MAP_PRIVATE|MAP_FIXED|MAP_DENYWRITE, 3, 0x28000) = 0x735efea28000
29347 mmap(0x735efebb0000, 323584, PROT_READ, MAP_PRIVATE|MAP_FIXED|MAP_DENYWRITE, 3, 0x1b0000) = 0x735efebb0000
29347 mmap(0x735efebff000, 24576, PROT_READ|PROT_WRITE, MAP_PRIVATE|MAP_FIXED|MAP_DENYWRITE, 3, 0x1fe000) = 0x735efebff000
29347 mmap(0x735efec05000, 52624, PROT_READ|PROT_WRITE, MAP_PRIVATE|MAP_FIXED|MAP_ANONYMOUS, -1, 0) = 0x735efec05000
29347 close(3)                          = 0
29347 mmap(NULL, 12288, PROT_READ|PROT_WRITE, MAP_PRIVATE|MAP_ANONYMOUS, -1, 0) = 0x735efed35000
29347 arch_prctl(ARCH_SET_FS, 0x735efed35740) = 0
29347 set_tid_address(0x735efed35a10)   = 29347
29347 set_robust_list(0x735efed35a20, 24) = 0
29347 rseq(0x735efed36060, 0x20, 0, 0x53053053) = 0
29347 mprotect(0x735efebff000, 16384, PROT_READ) = 0
29347 mprotect(0x6299dd7eb000, 4096, PROT_READ) = 0
29347 mprotect(0x735efed89000, 8192, PROT_READ) = 0
29347 prlimit64(0, RLIMIT_STACK, NULL, {rlim_cur=8192*1024, rlim_max=RLIM64_INFINITY}) = 0
29347 munmap(0x735efed38000, 102079)    = 0
29347 execve("./fact", ["./fact", "9", "4", "24"], 0x7fffcc9a5ed0 /* 32 vars */) = 0
29347 brk(NULL)                         = 0x5df748fd1000
29347 mmap(NULL, 8192, PROT_READ|PROT_WRITE, MAP_PRIVATE|MAP_ANONYMOUS, -1, 0) = 0x7c1057552000
29347 access("/etc/ld.so.preload", R_OK) = -1 ENOENT (No such file or directory)
29347 openat(AT_FDCWD, "/etc/ld.so.cache", O_RDONLY|O_CLOEXEC) = 3
29347 fstat(3, {st_mode=S_IFREG|0644, st_size=102079, ...}) = 0
29347 mmap(NULL, 102079, PROT_READ, MAP_PRIVATE, 3, 0) = 0x7c1057539000
29347 close(3)                          = 0
29347 openat(AT_FDCWD, "/lib/x86_64-linux-gnu/libc.so.6", O_RDONLY|O_CLOEXEC) = 3
29347 read(3, "\177ELF\2\1\1\3\0\0\0\0\0\0\0\0\3\0>\0\1\0\0\0\220\243\2\0\0\0\0\0"..., 832) = 832
29347 pread64(3, "\6\0\0\0\4\0\0\0@\0\0\0\0\0\0\0@\0\0\0\0\0\0\0@\0\0\0\0\0\0\0"..., 784, 64) = 784
29347 fstat(3, {st_mode=S_IFREG|0755, st_size=2125328, ...}) = 0
29347 pread64(3, "\6\0\0\0\4\0\0\0@\0\0\0\0\0\0\0@\0\0\0\0\0\0\0@\0\0\0\0\0\0\0"..., 784, 64) = 784
29347 mmap(NULL, 2170256, PROT_READ, MAP_PRIVATE|MAP_DENYWRITE, 3, 0) = 0x7c1057200000
29347 mmap(0x7c1057228000, 1605632, PROT_READ|PROT_EXEC, MAP_PRIVATE|MAP_FIXED|MAP_DENYWRITE, 3, 0x28000) = 0x7c1057228000
29347 mmap(0x7c10573b0000, 323584, PROT_READ, MAP_PRIVATE|MAP_FIXED|MAP_DENYWRITE, 3, 0x1b0000) = 0x7c10573b0000
29347 mmap(0x7c10573ff000, 24576, PROT_READ|PROT_WRITE, MAP_PRIVATE|MAP_FIXED|MAP_DENYWRITE, 3, 0x1fe000) = 0x7c10573ff000
29347 mmap(0x7c1057405000, 52624, PROT_READ|PROT_WRITE, MAP_PRIVATE|MAP_FIXED|MAP_ANONYMOUS, -1, 0) = 0x7c1057405000
29347 close(3)                          = 0
29347 mmap(NULL, 12288, PROT_READ|PROT_WRITE, MAP_PRIVATE|MAP_ANONYMOUS, -1, 0) = 0x7c1057536000
29347 arch_prctl(ARCH_SET_FS, 0x7c1057536740) = 0
29347 set_tid_address(0x7c1057536a10)   = 29347
29347 set_robust_list(0x7c1057536a20, 24) = 0
29347 rseq(0x7c1057537060, 0x20, 0, 0x53053053) = 0
29347 mprotect(0x7c10573ff000, 16384, PROT_READ) = 0
29347 mprotect(0x5df713733000, 4096, PROT_READ) = 0
29347 mprotect(0x7c105758a000, 8192, PROT_READ) = 0
29347 prlimit64(0, RLIMIT_STACK, NULL, {rlim_cur=8192*1024, rlim_max=RLIM64_INFINITY}) = 0
29347 munmap(0x7c1057539000, 102079)    = 0
29347 execve("./fact", ["./fact", "9", "5", "120"], 0x7ffe4b964590 /* 32 vars */) = 0
29347 brk(NULL)                         = 0x55a3d86d3000
29347 mmap(NULL, 8192, PROT_READ|PROT_WRITE, MAP_PRIVATE|MAP_ANONYMOUS, -1, 0) = 0x7ed40444b000
29347 access("/etc/ld.so.preload", R_OK) = -1 ENOENT (No such file or directory)
29347 openat(AT_FDCWD, "/etc/ld.so.cache", O_RDONLY|O_CLOEXEC) = 3
29347 fstat(3, {st_mode=S_IFREG|0644, st_size=102079, ...}) = 0
29347 mmap(NULL, 102079, PROT_READ, MAP_PRIVATE, 3, 0) = 0x7ed404432000
29347 close(3)                          = 0
29347 openat(AT_FDCWD, "/lib/x86_64-linux-gnu/libc.so.6", O_RDONLY|O_CLOEXEC) = 3
29347 read(3, "\177ELF\2\1\1\3\0\0\0\0\0\0\0\0\3\0>\0\1\0\0\0\220\243\2\0\0\0\0\0"..., 832) = 832
29347 pread64(3, "\6\0\0\0\4\0\0\0@\0\0\0\0\0\0\0@\0\0\0\0\0\0\0@\0\0\0\0\0\0\0"..., 784, 64) = 784
29347 fstat(3, {st_mode=S_IFREG|0755, st_size=2125328, ...}) = 0
29347 pread64(3, "\6\0\0\0\4\0\0\0@\0\0\0\0\0\0\0@\0\0\0\0\0\0\0@\0\0\0\0\0\0\0"..., 784, 64) = 784
29347 mmap(NULL, 2170256, PROT_READ, MAP_PRIVATE|MAP_DENYWRITE, 3, 0) = 0x7ed404200000
29347 mmap(0x7ed404228000, 1605632, PROT_READ|PROT_EXEC, MAP_PRIVATE|MAP_FIXED|MAP_DENYWRITE, 3, 0x28000) = 0x7ed404228000
29347 mmap(0x7ed4043b0000, 323584, PROT_READ, MAP_PRIVATE|MAP_FIXED|MAP_DENYWRITE, 3, 0x1b0000) = 0x7ed4043b0000
29347 mmap(0x7ed4043ff000, 24576, PROT_READ|PROT_WRITE, MAP_PRIVATE|MAP_FIXED|MAP_DENYWRITE, 3, 0x1fe000) = 0x7ed4043ff000
29347 mmap(0x7ed404405000, 52624, PROT_READ|PROT_WRITE, MAP_PRIVATE|MAP_FIXED|MAP_ANONYMOUS, -1, 0) = 0x7ed404405000
29347 close(3)                          = 0
29347 mmap(NULL, 12288, PROT_READ|PROT_WRITE, MAP_PRIVATE|MAP_ANONYMOUS, -1, 0) = 0x7ed40442f000
29347 arch_prctl(ARCH_SET_FS, 0x7ed40442f740) = 0
29347 set_tid_address(0x7ed40442fa10)   = 29347
29347 set_robust_list(0x7ed40442fa20, 24) = 0
29347 rseq(0x7ed404430060, 0x20, 0, 0x53053053) = 0
29347 mprotect(0x7ed4043ff000, 16384, PROT_READ) = 0
29347 mprotect(0x55a3b4430000, 4096, PROT_READ) = 0
29347 mprotect(0x7ed404483000, 8192, PROT_READ) = 0
29347 prlimit64(0, RLIMIT_STACK, NULL, {rlim_cur=8192*1024, rlim_max=RLIM64_INFINITY}) = 0
29347 munmap(0x7ed404432000, 102079)    = 0
29347 execve("./fact", ["./fact", "9", "6", "720"], 0x7ffd476009c0 /* 32 vars */) = 0
29347 brk(NULL)                         = 0x6160f31e0000
29347 mmap(NULL, 8192, PROT_READ|PROT_WRITE, MAP_PRIVATE|MAP_ANONYMOUS, -1, 0) = 0x709233797000
29347 access("/etc/ld.so.preload", R_OK) = -1 ENOENT (No such file or directory)
29347 openat(AT_FDCWD, "/etc/ld.so.cache", O_RDONLY|O_CLOEXEC) = 3
29347 fstat(3, {st_mode=S_IFREG|0644, st_size=102079, ...}) = 0
29347 mmap(NULL, 102079, PROT_READ, MAP_PRIVATE, 3, 0) = 0x70923377e000
29347 close(3)                          = 0
29347 openat(AT_FDCWD, "/lib/x86_64-linux-gnu/libc.so.6", O_RDONLY|O_CLOEXEC) = 3
29347 read(3, "\177ELF\2\1\1\3\0\0\0\0\0\0\0\0\3\0>\0\1\0\0\0\220\243\2\0\0\0\0\0"..., 832) = 832
29347 pread64(3, "\6\0\0\0\4\0\0\0@\0\0\0\0\0\0\0@\0\0\0\0\0\0\0@\0\0\0\0\0\0\0"..., 784, 64) = 784
29347 fstat(3, {st_mode=S_IFREG|0755, st_size=2125328, ...}) = 0
29347 pread64(3, "\6\0\0\0\4\0\0\0@\0\0\0\0\0\0\0@\0\0\0\0\0\0\0@\0\0\0\0\0\0\0"..., 784, 64) = 784
29347 mmap(NULL, 2170256, PROT_READ, MAP_PRIVATE|MAP_DENYWRITE, 3, 0) = 0x709233400000
29347 mmap(0x709233428000, 1605632, PROT_READ|PROT_EXEC, MAP_PRIVATE|MAP_FIXED|MAP_DENYWRITE, 3, 0x28000) = 0x709233428000
29347 mmap(0x7092335b0000, 323584, PROT_READ, MAP_PRIVATE|MAP_FIXED|MAP_DENYWRITE, 3, 0x1b0000) = 0x7092335b0000
29347 mmap(0x7092335ff000, 24576, PROT_READ|PROT_WRITE, MAP_PRIVATE|MAP_FIXED|MAP_DENYWRITE, 3, 0x1fe000) = 0x7092335ff000
29347 mmap(0x709233605000, 52624, PROT_READ|PROT_WRITE, MAP_PRIVATE|MAP_FIXED|MAP_ANONYMOUS, -1, 0) = 0x709233605000
29347 close(3)                          = 0
29347 mmap(NULL, 12288, PROT_READ|PROT_WRITE, MAP_PRIVATE|MAP_ANONYMOUS, -1, 0) = 0x70923377b000
29347 arch_prctl(ARCH_SET_FS, 0x70923377b740) = 0
29347 set_tid_address(0x70923377ba10)   = 29347
29347 set_robust_list(0x70923377ba20, 24) = 0
29347 rseq(0x70923377c060, 0x20, 0, 0x53053053) = 0
29347 mprotect(0x7092335ff000, 16384, PROT_READ) = 0
29347 mprotect(0x6160c032b000, 4096, PROT_READ) = 0
29347 mprotect(0x7092337cf000, 8192, PROT_READ) = 0
29347 prlimit64(0, RLIMIT_STACK, NULL, {rlim_cur=8192*1024, rlim_max=RLIM64_INFINITY}) = 0
29347 munmap(0x70923377e000, 102079)    = 0
29347 execve("./fact", ["./fact", "9", "7", "5040"], 0x7ffdb507bf60 /* 32 vars */) = 0
29347 brk(NULL)                         = 0x6126a61a7000
29347 mmap(NULL, 8192, PROT_READ|PROT_WRITE, MAP_PRIVATE|MAP_ANONYMOUS, -1, 0) = 0x70099d8d0000
29347 access("/etc/ld.so.preload", R_OK) = -1 ENOENT (No such file or directory)
29347 openat(AT_FDCWD, "/etc/ld.so.cache", O_RDONLY|O_CLOEXEC) = 3
29347 fstat(3, {st_mode=S_IFREG|0644, st_size=102079, ...}) = 0
29347 mmap(NULL, 102079, PROT_READ, MAP_PRIVATE, 3, 0) = 0x70099d8b7000
29347 close(3)                          = 0
29347 openat(AT_FDCWD, "/lib/x86_64-linux-gnu/libc.so.6", O_RDONLY|O_CLOEXEC) = 3
29347 read(3, "\177ELF\2\1\1\3\0\0\0\0\0\0\0\0\3\0>\0\1\0\0\0\220\243\2\0\0\0\0\0"..., 832) = 832
29347 pread64(3, "\6\0\0\0\4\0\0\0@\0\0\0\0\0\0\0@\0\0\0\0\0\0\0@\0\0\0\0\0\0\0"..., 784, 64) = 784
29347 fstat(3, {st_mode=S_IFREG|0755, st_size=2125328, ...}) = 0
29347 pread64(3, "\6\0\0\0\4\0\0\0@\0\0\0\0\0\0\0@\0\0\0\0\0\0\0@\0\0\0\0\0\0\0"..., 784, 64) = 784
29347 mmap(NULL, 2170256, PROT_READ, MAP_PRIVATE|MAP_DENYWRITE, 3, 0) = 0x70099d600000
29347 mmap(0x70099d628000, 1605632, PROT_READ|PROT_EXEC, MAP_PRIVATE|MAP_FIXED|MAP_DENYWRITE, 3, 0x28000) = 0x70099d628000
29347 mmap(0x70099d7b0000, 323584, PROT_READ, MAP_PRIVATE|MAP_FIXED|MAP_DENYWRITE, 3, 0x1b0000) = 0x70099d7b0000
29347 mmap(0x70099d7ff000, 24576, PROT_READ|PROT_WRITE, MAP_PRIVATE|MAP_FIXED|MAP_DENYWRITE, 3, 0x1fe000) = 0x70099d7ff000
29347 mmap(0x70099d805000, 52624, PROT_READ|PROT_WRITE, MAP_PRIVATE|MAP_FIXED|MAP_ANONYMOUS, -1, 0) = 0x70099d805000
29347 close(3)                          = 0
29347 mmap(NULL, 12288, PROT_READ|PROT_WRITE, MAP_PRIVATE|MAP_ANONYMOUS, -1, 0) = 0x70099d8b4000
29347 arch_prctl(ARCH_SET_FS, 0x70099d8b4740) = 0
29347 set_tid_address(0x70099d8b4a10)   = 29347
29347 set_robust_list(0x70099d8b4a20, 24) = 0
29347 rseq(0x70099d8b5060, 0x20, 0, 0x53053053) = 0
29347 mprotect(0x70099d7ff000, 16384, PROT_READ) = 0
29347 mprotect(0x61267560f000, 4096, PROT_READ) = 0
29347 mprotect(0x70099d908000, 8192, PROT_READ) = 0
29347 prlimit64(0, RLIMIT_STACK, NULL, {rlim_cur=8192*1024, rlim_max=RLIM64_INFINITY}) = 0
29347 munmap(0x70099d8b7000, 102079)    = 0
29347 execve("./fact", ["./fact", "9", "8", "40320"], 0x7ffe31e337a0 /* 32 vars */) = 0
29347 brk(NULL)                         = 0x5b6ce84e7000
29347 mmap(NULL, 8192, PROT_READ|PROT_WRITE, MAP_PRIVATE|MAP_ANONYMOUS, -1, 0) = 0x767e671fe000
29347 access("/etc/ld.so.preload", R_OK) = -1 ENOENT (No such file or directory)
29347 openat(AT_FDCWD, "/etc/ld.so.cache", O_RDONLY|O_CLOEXEC) = 3
29347 fstat(3, {st_mode=S_IFREG|0644, st_size=102079, ...}) = 0
29347 mmap(NULL, 102079, PROT_READ, MAP_PRIVATE, 3, 0) = 0x767e671e5000
29347 close(3)                          = 0
29347 openat(AT_FDCWD, "/lib/x86_64-linux-gnu/libc.so.6", O_RDONLY|O_CLOEXEC) = 3
29347 read(3, "\177ELF\2\1\1\3\0\0\0\0\0\0\0\0\3\0>\0\1\0\0\0\220\243\2\0\0\0\0\0"..., 832) = 832
29347 pread64(3, "\6\0\0\0\4\0\0\0@\0\0\0\0\0\0\0@\0\0\0\0\0\0\0@\0\0\0\0\0\0\0"..., 784, 64) = 784
29347 fstat(3, {st_mode=S_IFREG|0755, st_size=2125328, ...}) = 0
29347 pread64(3, "\6\0\0\0\4\0\0\0@\0\0\0\0\0\0\0@\0\0\0\0\0\0\0@\0\0\0\0\0\0\0"..., 784, 64) = 784
29347 mmap(NULL, 2170256, PROT_READ, MAP_PRIVATE|MAP_DENYWRITE, 3, 0) = 0x767e66e00000
29347 mmap(0x767e66e28000, 1605632, PROT_READ|PROT_EXEC, MAP_PRIVATE|MAP_FIXED|MAP_DENYWRITE, 3, 0x28000) = 0x767e66e28000
29347 mmap(0x767e66fb0000, 323584, PROT_READ, MAP_PRIVATE|MAP_FIXED|MAP_DENYWRITE, 3, 0x1b0000) = 0x767e66fb0000
29347 mmap(0x767e66fff000, 24576, PROT_READ|PROT_WRITE, MAP_PRIVATE|MAP_FIXED|MAP_DENYWRITE, 3, 0x1fe000) = 0x767e66fff000
29347 mmap(0x767e67005000, 52624, PROT_READ|PROT_WRITE, MAP_PRIVATE|MAP_FIXED|MAP_ANONYMOUS, -1, 0) = 0x767e67005000
29347 close(3)                          = 0
29347 mmap(NULL, 12288, PROT_READ|PROT_WRITE, MAP_PRIVATE|MAP_ANONYMOUS, -1, 0) = 0x767e671e2000
29347 arch_prctl(ARCH_SET_FS, 0x767e671e2740) = 0
29347 set_tid_address(0x767e671e2a10)   = 29347
29347 set_robust_list(0x767e671e2a20, 24) = 0
29347 rseq(0x767e671e3060, 0x20, 0, 0x53053053) = 0
29347 mprotect(0x767e66fff000, 16384, PROT_READ) = 0
29347 mprotect(0x5b6cb5864000, 4096, PROT_READ) = 0
29347 mprotect(0x767e67236000, 8192, PROT_READ) = 0
29347 prlimit64(0, RLIMIT_STACK, NULL, {rlim_cur=8192*1024, rlim_max=RLIM64_INFINITY}) = 0
29347 munmap(0x767e671e5000, 102079)    = 0
29347 execve("./fact", ["./fact", "9", "9", "362880"], 0x7ffca5fc7d50 /* 32 vars */) = 0
29347 brk(NULL)                         = 0x572726a21000
29347 mmap(NULL, 8192, PROT_READ|PROT_WRITE, MAP_PRIVATE|MAP_ANONYMOUS, -1, 0) = 0x70aa8c0c5000
29347 access("/etc/ld.so.preload", R_OK) = -1 ENOENT (No such file or directory)
29347 openat(AT_FDCWD, "/etc/ld.so.cache", O_RDONLY|O_CLOEXEC) = 3
29347 fstat(3, {st_mode=S_IFREG|0644, st_size=102079, ...}) = 0
29347 mmap(NULL, 102079, PROT_READ, MAP_PRIVATE, 3, 0) = 0x70aa8c0ac000
29347 close(3)                          = 0
29347 openat(AT_FDCWD, "/lib/x86_64-linux-gnu/libc.so.6", O_RDONLY|O_CLOEXEC) = 3
29347 read(3, "\177ELF\2\1\1\3\0\0\0\0\0\0\0\0\3\0>\0\1\0\0\0\220\243\2\0\0\0\0\0"..., 832) = 832
29347 pread64(3, "\6\0\0\0\4\0\0\0@\0\0\0\0\0\0\0@\0\0\0\0\0\0\0@\0\0\0\0\0\0\0"..., 784, 64) = 784
29347 fstat(3, {st_mode=S_IFREG|0755, st_size=2125328, ...}) = 0
29347 pread64(3, "\6\0\0\0\4\0\0\0@\0\0\0\0\0\0\0@\0\0\0\0\0\0\0@\0\0\0\0\0\0\0"..., 784, 64) = 784
29347 mmap(NULL, 2170256, PROT_READ, MAP_PRIVATE|MAP_DENYWRITE, 3, 0) = 0x70aa8be00000
29347 mmap(0x70aa8be28000, 1605632, PROT_READ|PROT_EXEC, MAP_PRIVATE|MAP_FIXED|MAP_DENYWRITE, 3, 0x28000) = 0x70aa8be28000
29347 mmap(0x70aa8bfb0000, 323584, PROT_READ, MAP_PRIVATE|MAP_FIXED|MAP_DENYWRITE, 3, 0x1b0000) = 0x70aa8bfb0000
29347 mmap(0x70aa8bfff000, 24576, PROT_READ|PROT_WRITE, MAP_PRIVATE|MAP_FIXED|MAP_DENYWRITE, 3, 0x1fe000) = 0x70aa8bfff000
29347 mmap(0x70aa8c005000, 52624, PROT_READ|PROT_WRITE, MAP_PRIVATE|MAP_FIXED|MAP_ANONYMOUS, -1, 0) = 0x70aa8c005000
29347 close(3)                          = 0
29347 mmap(NULL, 12288, PROT_READ|PROT_WRITE, MAP_PRIVATE|MAP_ANONYMOUS, -1, 0) = 0x70aa8c0a9000
29347 arch_prctl(ARCH_SET_FS, 0x70aa8c0a9740) = 0
29347 set_tid_address(0x70aa8c0a9a10)   = 29347
29347 set_robust_list(0x70aa8c0a9a20, 24) = 0
29347 rseq(0x70aa8c0aa060, 0x20, 0, 0x53053053) = 0
29347 mprotect(0x70aa8bfff000, 16384, PROT_READ) = 0
29347 mprotect(0x5726e9f4d000, 4096, PROT_READ) = 0
29347 mprotect(0x70aa8c0fd000, 8192, PROT_READ) = 0
29347 prlimit64(0, RLIMIT_STACK, NULL, {rlim_cur=8192*1024, rlim_max=RLIM64_INFINITY}) = 0
29347 munmap(0x70aa8c0ac000, 102079)    = 0
29347 fstat(1, {st_mode=S_IFIFO|0600, st_size=0, ...}) = 0
29347 getrandom("\x47\xef\xb4\x74\x11\xcb\xd3\x4b", 8, GRND_NONBLOCK) = 8
29347 brk(NULL)                         = 0x572726a21000
29347 brk(0x572726a42000)               = 0x572726a42000
29347 write(1, "362880\n", 7)           = 7
29347 exit_group(362880)                = ?
29347 +++ exited with 128 +++
