20323 execve("./pprime", ["./pprime", "500", "1"], 0x7fff846a55f8 /* 32 vars */) = 0
20323 brk(NULL)                         = 0x5c512b590000
20323 mmap(NULL, 8192, PROT_READ|PROT_WRITE, MAP_PRIVATE|MAP_ANONYMOUS, -1, 0) = 0x7bfe596a1000
20323 access("/etc/ld.so.preload", R_OK) = -1 ENOENT (No such file or directory)
20323 openat(AT_FDCWD, "/etc/ld.so.cache", O_RDONLY|O_CLOEXEC) = 3
20323 fstat(3, {st_mode=S_IFREG|0644, st_size=102079, ...}) = 0
20323 mmap(NULL, 102079, PROT_READ, MAP_PRIVATE, 3, 0) = 0x7bfe59688000
20323 close(3)                          = 0
20323 openat(AT_FDCWD, "/lib/x86_64-linux-gnu/libm.so.6", O_RDONLY|O_CLOEXEC) = 3
20323 read(3, "\177ELF\2\1\1\3\0\0\0\0\0\0\0\0\3\0>\0\1\0\0\0\0\0\0\0\0\0\0\0"..., 832) = 832
20323 fstat(3, {st_mode=S_IFREG|0644, st_size=952616, ...}) = 0
20323 mmap(NULL, 950296, PROT_READ, MAP_PRIVATE|MAP_DENYWRITE, 3, 0) = 0x7bfe5959f000
20323 mmap(0x7bfe595af000, 520192, PROT_READ|PROT_EXEC, MAP_PRIVATE|MAP_FIXED|MAP_DENYWRITE, 3, 0x10000) = 0x7bfe595af000
20323 mmap(0x7bfe5962e000, 360448, PROT_READ, MAP_PRIVATE|MAP_FIXED|MAP_DENYWRITE, 3, 0x8f000) = 0x7bfe5962e000
20323 mmap(0x7bfe59686000, 8192, PROT_READ|PROT_WRITE, MAP_PRIVATE|MAP_FIXED|MAP_DENYWRITE, 3, 0xe7000) = 0x7bfe59686000
20323 close(3)                          = 0
20323 openat(AT_FDCWD, "/lib/x86_64-linux-gnu/libc.so.6", O_RDONLY|O_CLOEXEC) = 3
20323 read(3, "\177ELF\2\1\1\3\0\0\0\0\0\0\0\0\3\0>\0\1\0\0\0\220\243\2\0\0\0\0\0"..., 832) = 832
20323 pread64(3, "\6\0\0\0\4\0\0\0@\0\0\0\0\0\0\0@\0\0\0\0\0\0\0@\0\0\0\0\0\0\0"..., 784, 64) = 784
20323 fstat(3, {st_mode=S_IFREG|0755, st_size=2125328, ...}) = 0
20323 pread64(3, "\6\0\0\0\4\0\0\0@\0\0\0\0\0\0\0@\0\0\0\0\0\0\0@\0\0\0\0\0\0\0"..., 784, 64) = 784
20323 mmap(NULL, 2170256, PROT_READ, MAP_PRIVATE|MAP_DENYWRITE, 3, 0) = 0x7bfe59200000
20323 mmap(0x7bfe59228000, 1605632, PROT_READ|PROT_EXEC, MAP_PRIVATE|MAP_FIXED|MAP_DENYWRITE, 3, 0x28000) = 0x7bfe59228000
20323 mmap(0x7bfe593b0000, 323584, PROT_READ, MAP_PRIVATE|MAP_FIXED|MAP_DENYWRITE, 3, 0x1b0000) = 0x7bfe593b0000
20323 mmap(0x7bfe593ff000, 24576, PROT_READ|PROT_WRITE, MAP_PRIVATE|MAP_FIXED|MAP_DENYWRITE, 3, 0x1fe000) = 0x7bfe593ff000
20323 mmap(0x7bfe59405000, 52624, PROT_READ|PROT_WRITE, MAP_PRIVATE|MAP_FIXED|MAP_ANONYMOUS, -1, 0) = 0x7bfe59405000
20323 close(3)                          = 0
20323 mmap(NULL, 12288, PROT_READ|PROT_WRITE, MAP_PRIVATE|MAP_ANONYMOUS, -1, 0) = 0x7bfe5959c000
20323 arch_prctl(ARCH_SET_FS, 0x7bfe5959c740) = 0
20323 set_tid_address(0x7bfe5959ca10)   = 20323
20323 set_robust_list(0x7bfe5959ca20, 24) = 0
20323 rseq(0x7bfe5959d060, 0x20, 0, 0x53053053) = 0
20323 mprotect(0x7bfe593ff000, 16384, PROT_READ) = 0
20323 mprotect(0x7bfe59686000, 4096, PROT_READ) = 0
20323 mprotect(0x5c50f9e5d000, 4096, PROT_READ) = 0
20323 mprotect(0x7bfe596d9000, 8192, PROT_READ) = 0
20323 prlimit64(0, RLIMIT_STACK, NULL, {rlim_cur=8192*1024, rlim_max=RLIM64_INFINITY}) = 0
20323 munmap(0x7bfe59688000, 102079)    = 0
20323 clone(child_stack=NULL, flags=CLONE_CHILD_CLEARTID|CLONE_CHILD_SETTID|SIGCHLD, child_tidptr=0x7bfe5959ca10) = 20324
20323 wait4(20324,  <unfinished ...>
20324 set_robust_list(0x7bfe5959ca20, 24) = 0
20324 clone(child_stack=NULL, flags=CLONE_CHILD_CLEARTID|CLONE_CHILD_SETTID|SIGCHLD, child_tidptr=0x7bfe5959ca10) = 20325
20325 set_robust_list(0x7bfe5959ca20, 24) = 0
20324 wait4(20325,  <unfinished ...>
20325 exit_group(53)                    = ?
20325 +++ exited with 53 +++
20324 <... wait4 resumed>[{WIFEXITED(s) && WEXITSTATUS(s) == 53}], 0, NULL) = 20325
20324 --- SIGCHLD {si_signo=SIGCHLD, si_code=CLD_EXITED, si_pid=20325, si_uid=1000, si_status=53, si_utime=0, si_stime=0} ---
20324 exit_group(95)                    = ?
20324 +++ exited with 95 +++
20323 <... wait4 resumed>[{WIFEXITED(s) && WEXITSTATUS(s) == 95}], 0, NULL) = 20324
20323 --- SIGCHLD {si_signo=SIGCHLD, si_code=CLD_EXITED, si_pid=20324, si_uid=1000, si_status=95, si_utime=0, si_stime=0} ---
20323 fstat(1, {st_mode=S_IFREG|0644, st_size=0, ...}) = 0
20323 getrandom("\xe1\x2d\x66\x98\xbe\x8a\xa3\x6c", 8, GRND_NONBLOCK) = 8
20323 brk(NULL)                         = 0x5c512b590000
20323 brk(0x5c512b5b1000)               = 0x5c512b5b1000
20323 write(1, "Testcase 1 Expected: 95 Output: "..., 71) = 71
20323 exit_group(0)                     = ?
20323 +++ exited with 0 +++
